#-----------------------------------------------------------
# Vivado v2024.1 (64-bit)
# SW Build 5076996 on Wed May 22 18:36:09 MDT 2024
# IP Build 5075265 on Wed May 22 21:45:21 MDT 2024
# SharedData Build 5076995 on Wed May 22 18:29:18 MDT 2024
# Start of session at: Thu Mar 27 18:37:43 2025
# Process ID: 1497802
# Current directory: /home/landaud1/other/Senior_proj/Physics-Gpu-2025/Francis/sp_gram_test_2/project_2/project_2.runs/blk_mem_gen_2_synth_1
# Command line: vivado -log blk_mem_gen_2.vds -product Vivado -mode batch -messageDb vivado.pb -notrace -source blk_mem_gen_2.tcl
# Log file: /home/landaud1/other/Senior_proj/Physics-Gpu-2025/Francis/sp_gram_test_2/project_2/project_2.runs/blk_mem_gen_2_synth_1/blk_mem_gen_2.vds
# Journal file: /home/landaud1/other/Senior_proj/Physics-Gpu-2025/Francis/sp_gram_test_2/project_2/project_2.runs/blk_mem_gen_2_synth_1/vivado.jou
# Running On        :navi
# Platform          :Ubuntu
# Operating System  :Ubuntu 22.04.5 LTS
# Processor Detail  :Intel(R) Xeon(R) CPU E5-2687W 0 @ 3.10GHz
# CPU Frequency     :3092.367 MHz
# CPU Physical cores:16
# CPU Logical cores :32
# Host memory       :135089 MB
# Swap memory       :2147 MB
# Total Virtual     :137237 MB
# Available Virtual :123871 MB
#-----------------------------------------------------------
source blk_mem_gen_2.tcl -notrace
