ARM GAS  C:\Users\impler\AppData\Local\Temp\ccdC5WGb.s 			page 1


   1              		.syntax unified
   2              		.cpu cortex-m3
   3              		.fpu softvfp
   4              		.eabi_attribute 20, 1
   5              		.eabi_attribute 21, 1
   6              		.eabi_attribute 23, 3
   7              		.eabi_attribute 24, 1
   8              		.eabi_attribute 25, 1
   9              		.eabi_attribute 26, 1
  10              		.eabi_attribute 30, 1
  11              		.eabi_attribute 34, 1
  12              		.eabi_attribute 18, 4
  13              		.thumb
  14              		.syntax unified
  15              		.file	"cyfitter_cfg.c"
  16              		.text
  17              	.Ltext0:
  18              		.cfi_sections	.debug_frame
  19              		.section	.text.CyClockStartupError,"ax",%progbits
  20              		.align	2
  21              		.thumb
  22              		.thumb_func
  23              		.type	CyClockStartupError, %function
  24              	CyClockStartupError:
  25              	.LFB3:
  26              		.file 1 "Generated_Source\\PSoC5\\cyfitter_cfg.c"
   1:Generated_Source\PSoC5/cyfitter_cfg.c **** 
   2:Generated_Source\PSoC5/cyfitter_cfg.c **** /*******************************************************************************
   3:Generated_Source\PSoC5/cyfitter_cfg.c **** * File Name: cyfitter_cfg.c
   4:Generated_Source\PSoC5/cyfitter_cfg.c **** * 
   5:Generated_Source\PSoC5/cyfitter_cfg.c **** * PSoC Creator  4.4
   6:Generated_Source\PSoC5/cyfitter_cfg.c **** *
   7:Generated_Source\PSoC5/cyfitter_cfg.c **** * Description:
   8:Generated_Source\PSoC5/cyfitter_cfg.c **** * This file contains device initialization code.
   9:Generated_Source\PSoC5/cyfitter_cfg.c **** * Except for the user defined sections in CyClockStartupError(), this file should not be modified.
  10:Generated_Source\PSoC5/cyfitter_cfg.c **** * This file is automatically generated by PSoC Creator.
  11:Generated_Source\PSoC5/cyfitter_cfg.c **** *
  12:Generated_Source\PSoC5/cyfitter_cfg.c **** ********************************************************************************
  13:Generated_Source\PSoC5/cyfitter_cfg.c **** * Copyright (c) 2007-2020 Cypress Semiconductor.  All rights reserved.
  14:Generated_Source\PSoC5/cyfitter_cfg.c **** * You may use this file only in accordance with the license, terms, conditions, 
  15:Generated_Source\PSoC5/cyfitter_cfg.c **** * disclaimers, and limitations in the end user license agreement accompanying 
  16:Generated_Source\PSoC5/cyfitter_cfg.c **** * the software package with which this file was provided.
  17:Generated_Source\PSoC5/cyfitter_cfg.c **** ********************************************************************************/
  18:Generated_Source\PSoC5/cyfitter_cfg.c **** 
  19:Generated_Source\PSoC5/cyfitter_cfg.c **** #include <string.h>
  20:Generated_Source\PSoC5/cyfitter_cfg.c **** #include "cytypes.h"
  21:Generated_Source\PSoC5/cyfitter_cfg.c **** #include "cydevice_trm.h"
  22:Generated_Source\PSoC5/cyfitter_cfg.c **** #include "cyfitter.h"
  23:Generated_Source\PSoC5/cyfitter_cfg.c **** #include "CyLib.h"
  24:Generated_Source\PSoC5/cyfitter_cfg.c **** #include "cyfitter_cfg.h"
  25:Generated_Source\PSoC5/cyfitter_cfg.c **** #include "cyapicallbacks.h"
  26:Generated_Source\PSoC5/cyfitter_cfg.c **** 
  27:Generated_Source\PSoC5/cyfitter_cfg.c **** #define CY_NEED_CYCLOCKSTARTUPERROR 1
  28:Generated_Source\PSoC5/cyfitter_cfg.c **** 
  29:Generated_Source\PSoC5/cyfitter_cfg.c **** 
  30:Generated_Source\PSoC5/cyfitter_cfg.c **** #if defined(__GNUC__) || defined(__ARMCC_VERSION)
  31:Generated_Source\PSoC5/cyfitter_cfg.c ****     #define CYPACKED 
ARM GAS  C:\Users\impler\AppData\Local\Temp\ccdC5WGb.s 			page 2


  32:Generated_Source\PSoC5/cyfitter_cfg.c ****     #define CYPACKED_ATTR __attribute__ ((packed))
  33:Generated_Source\PSoC5/cyfitter_cfg.c ****     #define CYALIGNED __attribute__ ((aligned))
  34:Generated_Source\PSoC5/cyfitter_cfg.c ****     #define CY_CFG_UNUSED __attribute__ ((unused))
  35:Generated_Source\PSoC5/cyfitter_cfg.c ****     #ifndef CY_CFG_SECTION
  36:Generated_Source\PSoC5/cyfitter_cfg.c ****         #define CY_CFG_SECTION __attribute__ ((section(".psocinit")))
  37:Generated_Source\PSoC5/cyfitter_cfg.c ****     #endif
  38:Generated_Source\PSoC5/cyfitter_cfg.c ****     
  39:Generated_Source\PSoC5/cyfitter_cfg.c ****     #if defined(__ARMCC_VERSION)
  40:Generated_Source\PSoC5/cyfitter_cfg.c ****         #define CY_CFG_MEMORY_BARRIER() __memory_changed()
  41:Generated_Source\PSoC5/cyfitter_cfg.c ****     #else
  42:Generated_Source\PSoC5/cyfitter_cfg.c ****         #define CY_CFG_MEMORY_BARRIER() __sync_synchronize()
  43:Generated_Source\PSoC5/cyfitter_cfg.c ****     #endif
  44:Generated_Source\PSoC5/cyfitter_cfg.c ****     
  45:Generated_Source\PSoC5/cyfitter_cfg.c **** #elif defined(__ICCARM__)
  46:Generated_Source\PSoC5/cyfitter_cfg.c ****     #include <intrinsics.h>
  47:Generated_Source\PSoC5/cyfitter_cfg.c **** 
  48:Generated_Source\PSoC5/cyfitter_cfg.c ****     #define CYPACKED __packed
  49:Generated_Source\PSoC5/cyfitter_cfg.c ****     #define CYPACKED_ATTR 
  50:Generated_Source\PSoC5/cyfitter_cfg.c ****     #define CYALIGNED _Pragma("data_alignment=4")
  51:Generated_Source\PSoC5/cyfitter_cfg.c ****     #define CY_CFG_UNUSED _Pragma("diag_suppress=Pe177")
  52:Generated_Source\PSoC5/cyfitter_cfg.c ****     #define CY_CFG_SECTION _Pragma("location=\".psocinit\"")
  53:Generated_Source\PSoC5/cyfitter_cfg.c ****     
  54:Generated_Source\PSoC5/cyfitter_cfg.c ****     #define CY_CFG_MEMORY_BARRIER() __DMB()
  55:Generated_Source\PSoC5/cyfitter_cfg.c ****     
  56:Generated_Source\PSoC5/cyfitter_cfg.c **** #else
  57:Generated_Source\PSoC5/cyfitter_cfg.c ****     #error Unsupported toolchain
  58:Generated_Source\PSoC5/cyfitter_cfg.c **** #endif
  59:Generated_Source\PSoC5/cyfitter_cfg.c **** 
  60:Generated_Source\PSoC5/cyfitter_cfg.c **** #ifndef CYCODE
  61:Generated_Source\PSoC5/cyfitter_cfg.c ****     #define CYCODE
  62:Generated_Source\PSoC5/cyfitter_cfg.c **** #endif
  63:Generated_Source\PSoC5/cyfitter_cfg.c **** #ifndef CYDATA
  64:Generated_Source\PSoC5/cyfitter_cfg.c ****     #define CYDATA
  65:Generated_Source\PSoC5/cyfitter_cfg.c **** #endif
  66:Generated_Source\PSoC5/cyfitter_cfg.c **** #ifndef CYFAR
  67:Generated_Source\PSoC5/cyfitter_cfg.c ****     #define CYFAR
  68:Generated_Source\PSoC5/cyfitter_cfg.c **** #endif
  69:Generated_Source\PSoC5/cyfitter_cfg.c **** #ifndef CYXDATA
  70:Generated_Source\PSoC5/cyfitter_cfg.c ****     #define CYXDATA
  71:Generated_Source\PSoC5/cyfitter_cfg.c **** #endif
  72:Generated_Source\PSoC5/cyfitter_cfg.c **** 
  73:Generated_Source\PSoC5/cyfitter_cfg.c **** 
  74:Generated_Source\PSoC5/cyfitter_cfg.c **** CY_CFG_UNUSED
  75:Generated_Source\PSoC5/cyfitter_cfg.c **** static void CYMEMZERO(void *s, size_t n);
  76:Generated_Source\PSoC5/cyfitter_cfg.c **** CY_CFG_UNUSED
  77:Generated_Source\PSoC5/cyfitter_cfg.c **** static void CYMEMZERO(void *s, size_t n)
  78:Generated_Source\PSoC5/cyfitter_cfg.c **** {
  79:Generated_Source\PSoC5/cyfitter_cfg.c **** 	(void)memset(s, 0, n);
  80:Generated_Source\PSoC5/cyfitter_cfg.c **** }
  81:Generated_Source\PSoC5/cyfitter_cfg.c **** CY_CFG_UNUSED
  82:Generated_Source\PSoC5/cyfitter_cfg.c **** static void CYCONFIGCPY(void *dest, const void *src, size_t n);
  83:Generated_Source\PSoC5/cyfitter_cfg.c **** CY_CFG_UNUSED
  84:Generated_Source\PSoC5/cyfitter_cfg.c **** static void CYCONFIGCPY(void *dest, const void *src, size_t n)
  85:Generated_Source\PSoC5/cyfitter_cfg.c **** {
  86:Generated_Source\PSoC5/cyfitter_cfg.c **** 	(void)memcpy(dest, src, n);
  87:Generated_Source\PSoC5/cyfitter_cfg.c **** }
  88:Generated_Source\PSoC5/cyfitter_cfg.c **** CY_CFG_UNUSED
ARM GAS  C:\Users\impler\AppData\Local\Temp\ccdC5WGb.s 			page 3


  89:Generated_Source\PSoC5/cyfitter_cfg.c **** static void CYCONFIGCPYCODE(void *dest, const void *src, size_t n);
  90:Generated_Source\PSoC5/cyfitter_cfg.c **** CY_CFG_UNUSED
  91:Generated_Source\PSoC5/cyfitter_cfg.c **** static void CYCONFIGCPYCODE(void *dest, const void *src, size_t n)
  92:Generated_Source\PSoC5/cyfitter_cfg.c **** {
  93:Generated_Source\PSoC5/cyfitter_cfg.c **** 	(void)memcpy(dest, src, n);
  94:Generated_Source\PSoC5/cyfitter_cfg.c **** }
  95:Generated_Source\PSoC5/cyfitter_cfg.c **** 
  96:Generated_Source\PSoC5/cyfitter_cfg.c **** 
  97:Generated_Source\PSoC5/cyfitter_cfg.c **** 
  98:Generated_Source\PSoC5/cyfitter_cfg.c **** 
  99:Generated_Source\PSoC5/cyfitter_cfg.c **** /* Clock startup error codes                                                   */
 100:Generated_Source\PSoC5/cyfitter_cfg.c **** #define CYCLOCKSTART_NO_ERROR    0u
 101:Generated_Source\PSoC5/cyfitter_cfg.c **** #define CYCLOCKSTART_XTAL_ERROR  1u
 102:Generated_Source\PSoC5/cyfitter_cfg.c **** #define CYCLOCKSTART_32KHZ_ERROR 2u
 103:Generated_Source\PSoC5/cyfitter_cfg.c **** #define CYCLOCKSTART_PLL_ERROR   3u
 104:Generated_Source\PSoC5/cyfitter_cfg.c **** #define CYCLOCKSTART_FLL_ERROR   4u
 105:Generated_Source\PSoC5/cyfitter_cfg.c **** #define CYCLOCKSTART_WCO_ERROR   5u
 106:Generated_Source\PSoC5/cyfitter_cfg.c **** 
 107:Generated_Source\PSoC5/cyfitter_cfg.c **** 
 108:Generated_Source\PSoC5/cyfitter_cfg.c **** #ifdef CY_NEED_CYCLOCKSTARTUPERROR
 109:Generated_Source\PSoC5/cyfitter_cfg.c **** /*******************************************************************************
 110:Generated_Source\PSoC5/cyfitter_cfg.c **** * Function Name: CyClockStartupError
 111:Generated_Source\PSoC5/cyfitter_cfg.c **** ********************************************************************************
 112:Generated_Source\PSoC5/cyfitter_cfg.c **** * Summary:
 113:Generated_Source\PSoC5/cyfitter_cfg.c **** *  If an error is encountered during clock configuration (crystal startup error,
 114:Generated_Source\PSoC5/cyfitter_cfg.c **** *  PLL lock error, etc.), the system will end up here.  Unless reimplemented by
 115:Generated_Source\PSoC5/cyfitter_cfg.c **** *  the customer, this function will stop in an infinite loop.
 116:Generated_Source\PSoC5/cyfitter_cfg.c **** *
 117:Generated_Source\PSoC5/cyfitter_cfg.c **** * Parameters:
 118:Generated_Source\PSoC5/cyfitter_cfg.c **** *   void
 119:Generated_Source\PSoC5/cyfitter_cfg.c **** *
 120:Generated_Source\PSoC5/cyfitter_cfg.c **** * Return:
 121:Generated_Source\PSoC5/cyfitter_cfg.c **** *   void
 122:Generated_Source\PSoC5/cyfitter_cfg.c **** *
 123:Generated_Source\PSoC5/cyfitter_cfg.c **** *******************************************************************************/
 124:Generated_Source\PSoC5/cyfitter_cfg.c **** CY_CFG_UNUSED
 125:Generated_Source\PSoC5/cyfitter_cfg.c **** static void CyClockStartupError(uint8 errorCode);
 126:Generated_Source\PSoC5/cyfitter_cfg.c **** CY_CFG_UNUSED
 127:Generated_Source\PSoC5/cyfitter_cfg.c **** static void CyClockStartupError(uint8 errorCode)
 128:Generated_Source\PSoC5/cyfitter_cfg.c **** {
  27              		.loc 1 128 0
  28              		.cfi_startproc
  29              		@ Volatile: function does not return.
  30              		@ args = 0, pretend = 0, frame = 0
  31              		@ frame_needed = 0, uses_anonymous_args = 0
  32              		@ link register save eliminated.
  33              	.LVL0:
  34              	.L2:
  35 0000 FEE7     		b	.L2
  36              		.cfi_endproc
  37              	.LFE3:
  38              		.size	CyClockStartupError, .-CyClockStartupError
  39 0002 00BF     		.section	.text.AnalogSetDefault,"ax",%progbits
  40              		.align	2
  41              		.thumb
  42              		.thumb_func
  43              		.type	AnalogSetDefault, %function
ARM GAS  C:\Users\impler\AppData\Local\Temp\ccdC5WGb.s 			page 4


  44              	AnalogSetDefault:
  45              	.LFB5:
 129:Generated_Source\PSoC5/cyfitter_cfg.c ****     /* To remove the compiler warning if errorCode not used.                */
 130:Generated_Source\PSoC5/cyfitter_cfg.c ****     errorCode = errorCode;
 131:Generated_Source\PSoC5/cyfitter_cfg.c **** 
 132:Generated_Source\PSoC5/cyfitter_cfg.c ****     /* If we have a clock startup error (bad MHz crystal, PLL lock, etc.),  */
 133:Generated_Source\PSoC5/cyfitter_cfg.c ****     /* we will end up here to allow the customer to implement something to  */
 134:Generated_Source\PSoC5/cyfitter_cfg.c ****     /* deal with the clock condition.                                       */
 135:Generated_Source\PSoC5/cyfitter_cfg.c **** 
 136:Generated_Source\PSoC5/cyfitter_cfg.c **** #ifdef CY_CFG_CLOCK_STARTUP_ERROR_CALLBACK
 137:Generated_Source\PSoC5/cyfitter_cfg.c ****     CY_CFG_Clock_Startup_ErrorCallback();
 138:Generated_Source\PSoC5/cyfitter_cfg.c **** #else
 139:Generated_Source\PSoC5/cyfitter_cfg.c ****     /*  If not using CY_CFG_CLOCK_STARTUP_ERROR_CALLBACK, place your clock startup code here. */
 140:Generated_Source\PSoC5/cyfitter_cfg.c ****     /* `#START CyClockStartupError` */
 141:Generated_Source\PSoC5/cyfitter_cfg.c **** 
 142:Generated_Source\PSoC5/cyfitter_cfg.c **** 
 143:Generated_Source\PSoC5/cyfitter_cfg.c **** 
 144:Generated_Source\PSoC5/cyfitter_cfg.c ****     /* `#END` */
 145:Generated_Source\PSoC5/cyfitter_cfg.c **** 
 146:Generated_Source\PSoC5/cyfitter_cfg.c ****     while(1) {}
 147:Generated_Source\PSoC5/cyfitter_cfg.c **** #endif /* CY_CFG_CLOCK_STARTUP_ERROR_CALLBACK */
 148:Generated_Source\PSoC5/cyfitter_cfg.c **** }
 149:Generated_Source\PSoC5/cyfitter_cfg.c **** #endif
 150:Generated_Source\PSoC5/cyfitter_cfg.c **** 
 151:Generated_Source\PSoC5/cyfitter_cfg.c **** /* IOPINS0_1 Address: CYREG_PRT1_DR Size (bytes): 10 */
 152:Generated_Source\PSoC5/cyfitter_cfg.c **** #define BS_IOPINS0_1_VAL ((const uint8 CYFAR *)0x48000000u)
 153:Generated_Source\PSoC5/cyfitter_cfg.c **** 
 154:Generated_Source\PSoC5/cyfitter_cfg.c **** /* IOPINS0_2 Address: CYREG_PRT2_DM0 Size (bytes): 8 */
 155:Generated_Source\PSoC5/cyfitter_cfg.c **** #define BS_IOPINS0_2_VAL ((const uint8 CYFAR *)0x4800000Cu)
 156:Generated_Source\PSoC5/cyfitter_cfg.c **** 
 157:Generated_Source\PSoC5/cyfitter_cfg.c **** /* IOPINS0_5 Address: CYREG_PRT5_DM0 Size (bytes): 8 */
 158:Generated_Source\PSoC5/cyfitter_cfg.c **** #define BS_IOPINS0_5_VAL ((const uint8 CYFAR *)0x48000014u)
 159:Generated_Source\PSoC5/cyfitter_cfg.c **** 
 160:Generated_Source\PSoC5/cyfitter_cfg.c **** /* CYDEV_CLKDIST_ACFG0_CFG0 Address: CYREG_CLKDIST_ACFG0_CFG0 Size (bytes): 4 */
 161:Generated_Source\PSoC5/cyfitter_cfg.c **** #define BS_CYDEV_CLKDIST_ACFG0_CFG0_VAL ((const uint8 CYFAR *)0x4800001Cu)
 162:Generated_Source\PSoC5/cyfitter_cfg.c **** 
 163:Generated_Source\PSoC5/cyfitter_cfg.c **** 
 164:Generated_Source\PSoC5/cyfitter_cfg.c **** /*******************************************************************************
 165:Generated_Source\PSoC5/cyfitter_cfg.c **** * Function Name: ClockSetup
 166:Generated_Source\PSoC5/cyfitter_cfg.c **** ********************************************************************************
 167:Generated_Source\PSoC5/cyfitter_cfg.c **** *
 168:Generated_Source\PSoC5/cyfitter_cfg.c **** * Summary:
 169:Generated_Source\PSoC5/cyfitter_cfg.c **** *  Performs the initialization of all of the clocks in the device based on the
 170:Generated_Source\PSoC5/cyfitter_cfg.c **** *  settings in the Clock tab of the DWR.  This includes enabling the requested
 171:Generated_Source\PSoC5/cyfitter_cfg.c **** *  clocks and setting the necessary dividers to produce the desired frequency. 
 172:Generated_Source\PSoC5/cyfitter_cfg.c **** *
 173:Generated_Source\PSoC5/cyfitter_cfg.c **** * Parameters:
 174:Generated_Source\PSoC5/cyfitter_cfg.c **** *  void
 175:Generated_Source\PSoC5/cyfitter_cfg.c **** *
 176:Generated_Source\PSoC5/cyfitter_cfg.c **** * Return:
 177:Generated_Source\PSoC5/cyfitter_cfg.c **** *  void
 178:Generated_Source\PSoC5/cyfitter_cfg.c **** *
 179:Generated_Source\PSoC5/cyfitter_cfg.c **** *******************************************************************************/
 180:Generated_Source\PSoC5/cyfitter_cfg.c **** static void ClockSetup(void);
 181:Generated_Source\PSoC5/cyfitter_cfg.c **** static void ClockSetup(void)
 182:Generated_Source\PSoC5/cyfitter_cfg.c **** {
 183:Generated_Source\PSoC5/cyfitter_cfg.c **** 	uint32 timeout;
ARM GAS  C:\Users\impler\AppData\Local\Temp\ccdC5WGb.s 			page 5


 184:Generated_Source\PSoC5/cyfitter_cfg.c **** 	uint8 pllLock;
 185:Generated_Source\PSoC5/cyfitter_cfg.c **** 
 186:Generated_Source\PSoC5/cyfitter_cfg.c **** 
 187:Generated_Source\PSoC5/cyfitter_cfg.c **** 	/* Configure Analog Clocks based on settings from Clock DWR */
 188:Generated_Source\PSoC5/cyfitter_cfg.c **** 	CYCONFIGCPY((void CYFAR *)(CYREG_CLKDIST_ACFG0_CFG0), (const void CYFAR *)(BS_CYDEV_CLKDIST_ACFG0_
 189:Generated_Source\PSoC5/cyfitter_cfg.c **** 
 190:Generated_Source\PSoC5/cyfitter_cfg.c **** 	/* Configure ILO based on settings from Clock DWR */
 191:Generated_Source\PSoC5/cyfitter_cfg.c **** 	CY_SET_XTND_REG8((void CYFAR *)(CYREG_SLOWCLK_ILO_CR0), 0x02u);
 192:Generated_Source\PSoC5/cyfitter_cfg.c **** 	CY_SET_XTND_REG8((void CYFAR *)(CYREG_CLKDIST_CR), 0x08u);
 193:Generated_Source\PSoC5/cyfitter_cfg.c **** 
 194:Generated_Source\PSoC5/cyfitter_cfg.c **** 	/* Configure IMO based on settings from Clock DWR */
 195:Generated_Source\PSoC5/cyfitter_cfg.c **** 	CY_SET_XTND_REG8((void CYFAR *)(CYREG_FASTCLK_IMO_CR), 0x03u);
 196:Generated_Source\PSoC5/cyfitter_cfg.c **** 	CY_SET_XTND_REG8((void CYFAR *)(CYREG_IMO_TR1), (CY_GET_XTND_REG8((void CYFAR *)CYREG_FLSHID_CUST_
 197:Generated_Source\PSoC5/cyfitter_cfg.c **** 
 198:Generated_Source\PSoC5/cyfitter_cfg.c **** 	/* Configure PLL based on settings from Clock DWR */
 199:Generated_Source\PSoC5/cyfitter_cfg.c **** 	CY_SET_XTND_REG16((void CYFAR *)(CYREG_FASTCLK_PLL_P), 0x0008u);
 200:Generated_Source\PSoC5/cyfitter_cfg.c **** 	CY_SET_XTND_REG16((void CYFAR *)(CYREG_FASTCLK_PLL_CFG0), 0x1251u);
 201:Generated_Source\PSoC5/cyfitter_cfg.c **** 	/* Wait up to 250us for the PLL to lock */
 202:Generated_Source\PSoC5/cyfitter_cfg.c **** 	pllLock = 0u;
 203:Generated_Source\PSoC5/cyfitter_cfg.c **** 	for (timeout = 250u / 10u; (timeout > 0u) && (pllLock != 0x03u); timeout--)
 204:Generated_Source\PSoC5/cyfitter_cfg.c **** 	{ 
 205:Generated_Source\PSoC5/cyfitter_cfg.c **** 		pllLock = 0x03u & ((uint8)((uint8)pllLock << 1) | ((CY_GET_XTND_REG8((void CYFAR *)CYREG_FASTCLK_
 206:Generated_Source\PSoC5/cyfitter_cfg.c **** 		CyDelayCycles(10u * 48u); /* Delay 10us based on 48MHz clock */
 207:Generated_Source\PSoC5/cyfitter_cfg.c **** 	}
 208:Generated_Source\PSoC5/cyfitter_cfg.c **** 	/* If we ran out of time the PLL didn't lock so go to the error function */
 209:Generated_Source\PSoC5/cyfitter_cfg.c **** 	if (timeout == 0u)
 210:Generated_Source\PSoC5/cyfitter_cfg.c **** 	{
 211:Generated_Source\PSoC5/cyfitter_cfg.c **** 		CyClockStartupError(CYCLOCKSTART_PLL_ERROR);
 212:Generated_Source\PSoC5/cyfitter_cfg.c **** 	}
 213:Generated_Source\PSoC5/cyfitter_cfg.c **** 
 214:Generated_Source\PSoC5/cyfitter_cfg.c **** 	/* Configure Bus/Master Clock based on settings from Clock DWR */
 215:Generated_Source\PSoC5/cyfitter_cfg.c **** 	CY_SET_XTND_REG16((void CYFAR *)(CYREG_CLKDIST_MSTR0), 0x0100u);
 216:Generated_Source\PSoC5/cyfitter_cfg.c **** 	CY_SET_XTND_REG8((void CYFAR *)(CYREG_CLKDIST_MSTR0), 0x07u);
 217:Generated_Source\PSoC5/cyfitter_cfg.c **** 	CY_SET_XTND_REG8((void CYFAR *)(CYREG_CLKDIST_BCFG0), 0x00u);
 218:Generated_Source\PSoC5/cyfitter_cfg.c **** 	CY_SET_XTND_REG8((void CYFAR *)(CYREG_CLKDIST_BCFG2), 0x48u);
 219:Generated_Source\PSoC5/cyfitter_cfg.c **** 	CY_SET_XTND_REG8((void CYFAR *)(CYREG_CLKDIST_MSTR0), 0x00u);
 220:Generated_Source\PSoC5/cyfitter_cfg.c **** 	CY_SET_XTND_REG8((void CYFAR *)(CYREG_CLKDIST_LD), 0x02u);
 221:Generated_Source\PSoC5/cyfitter_cfg.c **** }
 222:Generated_Source\PSoC5/cyfitter_cfg.c **** 
 223:Generated_Source\PSoC5/cyfitter_cfg.c **** 
 224:Generated_Source\PSoC5/cyfitter_cfg.c **** /* Analog API Functions */
 225:Generated_Source\PSoC5/cyfitter_cfg.c **** 
 226:Generated_Source\PSoC5/cyfitter_cfg.c **** 
 227:Generated_Source\PSoC5/cyfitter_cfg.c **** /*******************************************************************************
 228:Generated_Source\PSoC5/cyfitter_cfg.c **** * Function Name: AnalogSetDefault
 229:Generated_Source\PSoC5/cyfitter_cfg.c **** ********************************************************************************
 230:Generated_Source\PSoC5/cyfitter_cfg.c **** *
 231:Generated_Source\PSoC5/cyfitter_cfg.c **** * Summary:
 232:Generated_Source\PSoC5/cyfitter_cfg.c **** *  Sets up the analog portions of the chip to default values based on chip
 233:Generated_Source\PSoC5/cyfitter_cfg.c **** *  configuration options from the project.
 234:Generated_Source\PSoC5/cyfitter_cfg.c **** *
 235:Generated_Source\PSoC5/cyfitter_cfg.c **** * Parameters:
 236:Generated_Source\PSoC5/cyfitter_cfg.c **** *  void
 237:Generated_Source\PSoC5/cyfitter_cfg.c **** *
 238:Generated_Source\PSoC5/cyfitter_cfg.c **** * Return:
 239:Generated_Source\PSoC5/cyfitter_cfg.c **** *  void
 240:Generated_Source\PSoC5/cyfitter_cfg.c **** *
ARM GAS  C:\Users\impler\AppData\Local\Temp\ccdC5WGb.s 			page 6


 241:Generated_Source\PSoC5/cyfitter_cfg.c **** *******************************************************************************/
 242:Generated_Source\PSoC5/cyfitter_cfg.c **** static void AnalogSetDefault(void);
 243:Generated_Source\PSoC5/cyfitter_cfg.c **** static void AnalogSetDefault(void)
 244:Generated_Source\PSoC5/cyfitter_cfg.c **** {
  46              		.loc 1 244 0
  47              		.cfi_startproc
  48              		@ args = 0, pretend = 0, frame = 0
  49              		@ frame_needed = 0, uses_anonymous_args = 0
  50              		@ link register save eliminated.
 245:Generated_Source\PSoC5/cyfitter_cfg.c **** 	uint8 bg_xover_inl_trim = CY_GET_XTND_REG8((void CYFAR *)(CYREG_FLSHID_MFG_CFG_BG_XOVER_INL_TRIM +
  51              		.loc 1 245 0
  52 0000 064B     		ldr	r3, .L4
  53 0002 1B78     		ldrb	r3, [r3]	@ zero_extendqisi2
  54 0004 DBB2     		uxtb	r3, r3
  55              	.LVL1:
 246:Generated_Source\PSoC5/cyfitter_cfg.c **** 	CY_SET_XTND_REG8((void CYFAR *)(CYREG_BG_DFT0), (bg_xover_inl_trim & 0x07u));
  56              		.loc 1 246 0
  57 0006 03F00701 		and	r1, r3, #7
  58 000a 054A     		ldr	r2, .L4+4
  59 000c 1170     		strb	r1, [r2]
 247:Generated_Source\PSoC5/cyfitter_cfg.c **** 	CY_SET_XTND_REG8((void CYFAR *)(CYREG_BG_DFT1), ((bg_xover_inl_trim >> 4) & 0x0Fu));
  60              		.loc 1 247 0
  61 000e 1B09     		lsrs	r3, r3, #4
  62              	.LVL2:
  63 0010 0132     		adds	r2, r2, #1
  64 0012 1370     		strb	r3, [r2]
 248:Generated_Source\PSoC5/cyfitter_cfg.c **** 	CY_SET_XTND_REG8((void CYFAR *)CYREG_PUMP_CR0, 0x44u);
  65              		.loc 1 248 0
  66 0014 4422     		movs	r2, #68
  67 0016 034B     		ldr	r3, .L4+8
  68 0018 1A70     		strb	r2, [r3]
  69 001a 7047     		bx	lr
  70              	.L5:
  71              		.align	2
  72              	.L4:
  73 001c CF010049 		.word	1224737231
  74 0020 6E580040 		.word	1073764462
  75 0024 76580040 		.word	1073764470
  76              		.cfi_endproc
  77              	.LFE5:
  78              		.size	AnalogSetDefault, .-AnalogSetDefault
  79              		.section	.text.CYMEMZERO,"ax",%progbits
  80              		.align	2
  81              		.thumb
  82              		.thumb_func
  83              		.type	CYMEMZERO, %function
  84              	CYMEMZERO:
  85              	.LFB0:
  78:Generated_Source\PSoC5/cyfitter_cfg.c **** 	(void)memset(s, 0, n);
  86              		.loc 1 78 0
  87              		.cfi_startproc
  88              		@ args = 0, pretend = 0, frame = 0
  89              		@ frame_needed = 0, uses_anonymous_args = 0
  90              	.LVL3:
  91 0000 08B5     		push	{r3, lr}
  92              		.cfi_def_cfa_offset 8
  93              		.cfi_offset 3, -8
ARM GAS  C:\Users\impler\AppData\Local\Temp\ccdC5WGb.s 			page 7


  94              		.cfi_offset 14, -4
  79:Generated_Source\PSoC5/cyfitter_cfg.c **** }
  95              		.loc 1 79 0
  96 0002 0A46     		mov	r2, r1
  97 0004 0021     		movs	r1, #0
  98              	.LVL4:
  99 0006 FFF7FEFF 		bl	memset
 100              	.LVL5:
 101 000a 08BD     		pop	{r3, pc}
 102              		.cfi_endproc
 103              	.LFE0:
 104              		.size	CYMEMZERO, .-CYMEMZERO
 105              		.section	.text.CYCONFIGCPY,"ax",%progbits
 106              		.align	2
 107              		.thumb
 108              		.thumb_func
 109              		.type	CYCONFIGCPY, %function
 110              	CYCONFIGCPY:
 111              	.LFB1:
  85:Generated_Source\PSoC5/cyfitter_cfg.c **** 	(void)memcpy(dest, src, n);
 112              		.loc 1 85 0
 113              		.cfi_startproc
 114              		@ args = 0, pretend = 0, frame = 0
 115              		@ frame_needed = 0, uses_anonymous_args = 0
 116              	.LVL6:
 117 0000 08B5     		push	{r3, lr}
 118              		.cfi_def_cfa_offset 8
 119              		.cfi_offset 3, -8
 120              		.cfi_offset 14, -4
  86:Generated_Source\PSoC5/cyfitter_cfg.c **** }
 121              		.loc 1 86 0
 122 0002 FFF7FEFF 		bl	memcpy
 123              	.LVL7:
 124 0006 08BD     		pop	{r3, pc}
 125              		.cfi_endproc
 126              	.LFE1:
 127              		.size	CYCONFIGCPY, .-CYCONFIGCPY
 128              		.section	.text.ClockSetup,"ax",%progbits
 129              		.align	2
 130              		.thumb
 131              		.thumb_func
 132              		.type	ClockSetup, %function
 133              	ClockSetup:
 134              	.LFB4:
 182:Generated_Source\PSoC5/cyfitter_cfg.c **** 	uint32 timeout;
 135              		.loc 1 182 0
 136              		.cfi_startproc
 137              		@ args = 0, pretend = 0, frame = 0
 138              		@ frame_needed = 0, uses_anonymous_args = 0
 139 0000 38B5     		push	{r3, r4, r5, lr}
 140              		.cfi_def_cfa_offset 16
 141              		.cfi_offset 3, -16
 142              		.cfi_offset 4, -12
 143              		.cfi_offset 5, -8
 144              		.cfi_offset 14, -4
 188:Generated_Source\PSoC5/cyfitter_cfg.c **** 
 145              		.loc 1 188 0
ARM GAS  C:\Users\impler\AppData\Local\Temp\ccdC5WGb.s 			page 8


 146 0002 0422     		movs	r2, #4
 147 0004 2049     		ldr	r1, .L16
 148 0006 2148     		ldr	r0, .L16+4
 149 0008 FFF7FEFF 		bl	CYCONFIGCPY
 150              	.LVL8:
 191:Generated_Source\PSoC5/cyfitter_cfg.c **** 	CY_SET_XTND_REG8((void CYFAR *)(CYREG_CLKDIST_CR), 0x08u);
 151              		.loc 1 191 0
 152 000c 0222     		movs	r2, #2
 153 000e 204B     		ldr	r3, .L16+8
 154 0010 1A70     		strb	r2, [r3]
 192:Generated_Source\PSoC5/cyfitter_cfg.c **** 
 155              		.loc 1 192 0
 156 0012 0822     		movs	r2, #8
 157 0014 4FF04023 		mov	r3, #1073758208
 158 0018 1A70     		strb	r2, [r3]
 195:Generated_Source\PSoC5/cyfitter_cfg.c **** 	CY_SET_XTND_REG8((void CYFAR *)(CYREG_IMO_TR1), (CY_GET_XTND_REG8((void CYFAR *)CYREG_FLSHID_CUST_
 159              		.loc 1 195 0
 160 001a 0321     		movs	r1, #3
 161 001c 03F50073 		add	r3, r3, #512
 162 0020 1970     		strb	r1, [r3]
 196:Generated_Source\PSoC5/cyfitter_cfg.c **** 
 163              		.loc 1 196 0
 164 0022 1C4B     		ldr	r3, .L16+12
 165 0024 1B78     		ldrb	r3, [r3]	@ zero_extendqisi2
 166 0026 DBB2     		uxtb	r3, r3
 167 0028 1B49     		ldr	r1, .L16+16
 168 002a 0B70     		strb	r3, [r1]
 199:Generated_Source\PSoC5/cyfitter_cfg.c **** 	CY_SET_XTND_REG16((void CYFAR *)(CYREG_FASTCLK_PLL_CFG0), 0x1251u);
 169              		.loc 1 199 0
 170 002c 1B4B     		ldr	r3, .L16+20
 171 002e 1A80     		strh	r2, [r3]	@ movhi
 200:Generated_Source\PSoC5/cyfitter_cfg.c **** 	/* Wait up to 250us for the PLL to lock */
 172              		.loc 1 200 0
 173 0030 41F25122 		movw	r2, #4689
 174 0034 023B     		subs	r3, r3, #2
 175 0036 1A80     		strh	r2, [r3]	@ movhi
 176              	.LVL9:
 202:Generated_Source\PSoC5/cyfitter_cfg.c **** 	for (timeout = 250u / 10u; (timeout > 0u) && (pllLock != 0x03u); timeout--)
 177              		.loc 1 202 0
 178 0038 0024     		movs	r4, #0
 203:Generated_Source\PSoC5/cyfitter_cfg.c **** 	{ 
 179              		.loc 1 203 0
 180 003a 1925     		movs	r5, #25
 181 003c 0CE0     		b	.L11
 182              	.LVL10:
 183              	.L13:
 205:Generated_Source\PSoC5/cyfitter_cfg.c **** 		CyDelayCycles(10u * 48u); /* Delay 10us based on 48MHz clock */
 184              		.loc 1 205 0 discriminator 4
 185 003e 184B     		ldr	r3, .L16+24
 186 0040 1B78     		ldrb	r3, [r3]	@ zero_extendqisi2
 187 0042 03F00103 		and	r3, r3, #1
 188 0046 43EA4404 		orr	r4, r3, r4, lsl #1
 189              	.LVL11:
 190 004a 04F00304 		and	r4, r4, #3
 191              	.LVL12:
 206:Generated_Source\PSoC5/cyfitter_cfg.c **** 	}
 192              		.loc 1 206 0 discriminator 4
ARM GAS  C:\Users\impler\AppData\Local\Temp\ccdC5WGb.s 			page 9


 193 004e 4FF4F070 		mov	r0, #480
 194 0052 FFF7FEFF 		bl	CyDelayCycles
 195              	.LVL13:
 203:Generated_Source\PSoC5/cyfitter_cfg.c **** 	{ 
 196              		.loc 1 203 0 discriminator 4
 197 0056 013D     		subs	r5, r5, #1
 198              	.LVL14:
 199              	.L11:
 203:Generated_Source\PSoC5/cyfitter_cfg.c **** 	{ 
 200              		.loc 1 203 0 is_stmt 0 discriminator 1
 201 0058 0DB1     		cbz	r5, .L12
 203:Generated_Source\PSoC5/cyfitter_cfg.c **** 	{ 
 202              		.loc 1 203 0 discriminator 3
 203 005a 032C     		cmp	r4, #3
 204 005c EFD1     		bne	.L13
 205              	.L12:
 209:Generated_Source\PSoC5/cyfitter_cfg.c **** 	{
 206              		.loc 1 209 0 is_stmt 1
 207 005e 15B9     		cbnz	r5, .L14
 211:Generated_Source\PSoC5/cyfitter_cfg.c **** 	}
 208              		.loc 1 211 0
 209 0060 0320     		movs	r0, #3
 210 0062 FFF7FEFF 		bl	CyClockStartupError
 211              	.LVL15:
 212              	.L14:
 215:Generated_Source\PSoC5/cyfitter_cfg.c **** 	CY_SET_XTND_REG8((void CYFAR *)(CYREG_CLKDIST_MSTR0), 0x07u);
 213              		.loc 1 215 0
 214 0066 0F4B     		ldr	r3, .L16+28
 215 0068 4FF48072 		mov	r2, #256
 216 006c 1A80     		strh	r2, [r3]	@ movhi
 216:Generated_Source\PSoC5/cyfitter_cfg.c **** 	CY_SET_XTND_REG8((void CYFAR *)(CYREG_CLKDIST_BCFG0), 0x00u);
 217              		.loc 1 216 0
 218 006e 0722     		movs	r2, #7
 219 0070 1A70     		strb	r2, [r3]
 217:Generated_Source\PSoC5/cyfitter_cfg.c **** 	CY_SET_XTND_REG8((void CYFAR *)(CYREG_CLKDIST_BCFG2), 0x48u);
 220              		.loc 1 217 0
 221 0072 0022     		movs	r2, #0
 222 0074 0C49     		ldr	r1, .L16+32
 223 0076 0A70     		strb	r2, [r1]
 218:Generated_Source\PSoC5/cyfitter_cfg.c **** 	CY_SET_XTND_REG8((void CYFAR *)(CYREG_CLKDIST_MSTR0), 0x00u);
 224              		.loc 1 218 0
 225 0078 4820     		movs	r0, #72
 226 007a 0231     		adds	r1, r1, #2
 227 007c 0870     		strb	r0, [r1]
 219:Generated_Source\PSoC5/cyfitter_cfg.c **** 	CY_SET_XTND_REG8((void CYFAR *)(CYREG_CLKDIST_LD), 0x02u);
 228              		.loc 1 219 0
 229 007e 1A70     		strb	r2, [r3]
 220:Generated_Source\PSoC5/cyfitter_cfg.c **** }
 230              		.loc 1 220 0
 231 0080 0222     		movs	r2, #2
 232 0082 033B     		subs	r3, r3, #3
 233 0084 1A70     		strb	r2, [r3]
 234 0086 38BD     		pop	{r3, r4, r5, pc}
 235              	.LVL16:
 236              	.L17:
 237              		.align	2
 238              	.L16:
ARM GAS  C:\Users\impler\AppData\Local\Temp\ccdC5WGb.s 			page 10


 239 0088 1C000048 		.word	1207959580
 240 008c 00410040 		.word	1073758464
 241 0090 00430040 		.word	1073758976
 242 0094 08010049 		.word	1224737032
 243 0098 A1460040 		.word	1073759905
 244 009c 22420040 		.word	1073758754
 245 00a0 25420040 		.word	1073758757
 246 00a4 04400040 		.word	1073758212
 247 00a8 06400040 		.word	1073758214
 248              		.cfi_endproc
 249              	.LFE4:
 250              		.size	ClockSetup, .-ClockSetup
 251              		.section	.text.SetAnalogRoutingPumps,"ax",%progbits
 252              		.align	2
 253              		.global	SetAnalogRoutingPumps
 254              		.thumb
 255              		.thumb_func
 256              		.type	SetAnalogRoutingPumps, %function
 257              	SetAnalogRoutingPumps:
 258              	.LFB6:
 249:Generated_Source\PSoC5/cyfitter_cfg.c **** }
 250:Generated_Source\PSoC5/cyfitter_cfg.c **** 
 251:Generated_Source\PSoC5/cyfitter_cfg.c **** 
 252:Generated_Source\PSoC5/cyfitter_cfg.c **** /*******************************************************************************
 253:Generated_Source\PSoC5/cyfitter_cfg.c **** * Function Name: SetAnalogRoutingPumps
 254:Generated_Source\PSoC5/cyfitter_cfg.c **** ********************************************************************************
 255:Generated_Source\PSoC5/cyfitter_cfg.c **** *
 256:Generated_Source\PSoC5/cyfitter_cfg.c **** * Summary:
 257:Generated_Source\PSoC5/cyfitter_cfg.c **** * Enables or disables the analog pumps feeding analog routing switches.
 258:Generated_Source\PSoC5/cyfitter_cfg.c **** * Intended to be called at startup, based on the Vdda system configuration;
 259:Generated_Source\PSoC5/cyfitter_cfg.c **** * may be called during operation when the user informs us that the Vdda voltage
 260:Generated_Source\PSoC5/cyfitter_cfg.c **** * crossed the pump threshold.
 261:Generated_Source\PSoC5/cyfitter_cfg.c **** *
 262:Generated_Source\PSoC5/cyfitter_cfg.c **** * Parameters:
 263:Generated_Source\PSoC5/cyfitter_cfg.c **** *  enabled - 1 to enable the pumps, 0 to disable the pumps
 264:Generated_Source\PSoC5/cyfitter_cfg.c **** *
 265:Generated_Source\PSoC5/cyfitter_cfg.c **** * Return:
 266:Generated_Source\PSoC5/cyfitter_cfg.c **** *  void
 267:Generated_Source\PSoC5/cyfitter_cfg.c **** *
 268:Generated_Source\PSoC5/cyfitter_cfg.c **** *******************************************************************************/
 269:Generated_Source\PSoC5/cyfitter_cfg.c **** void SetAnalogRoutingPumps(uint8 enabled)
 270:Generated_Source\PSoC5/cyfitter_cfg.c **** {
 259              		.loc 1 270 0
 260              		.cfi_startproc
 261              		@ args = 0, pretend = 0, frame = 0
 262              		@ frame_needed = 0, uses_anonymous_args = 0
 263              		@ link register save eliminated.
 264              	.LVL17:
 271:Generated_Source\PSoC5/cyfitter_cfg.c **** 	uint8 regValue = CY_GET_XTND_REG8((void CYFAR *)CYREG_PUMP_CR0);
 265              		.loc 1 271 0
 266 0000 024A     		ldr	r2, .L19
 267 0002 1378     		ldrb	r3, [r2]	@ zero_extendqisi2
 268 0004 DBB2     		uxtb	r3, r3
 269              	.LVL18:
 272:Generated_Source\PSoC5/cyfitter_cfg.c **** 	if (enabled != 0u)
 273:Generated_Source\PSoC5/cyfitter_cfg.c **** 	{
 274:Generated_Source\PSoC5/cyfitter_cfg.c **** 		regValue |= 0x00u;
ARM GAS  C:\Users\impler\AppData\Local\Temp\ccdC5WGb.s 			page 11


 275:Generated_Source\PSoC5/cyfitter_cfg.c **** 	}
 276:Generated_Source\PSoC5/cyfitter_cfg.c **** 	else
 277:Generated_Source\PSoC5/cyfitter_cfg.c **** 	{
 278:Generated_Source\PSoC5/cyfitter_cfg.c **** 		regValue &= (uint8)~0x00u;
 279:Generated_Source\PSoC5/cyfitter_cfg.c **** 	}
 280:Generated_Source\PSoC5/cyfitter_cfg.c **** 	CY_SET_XTND_REG8((void CYFAR *)CYREG_PUMP_CR0, regValue);
 270              		.loc 1 280 0
 271 0006 1370     		strb	r3, [r2]
 272 0008 7047     		bx	lr
 273              	.L20:
 274 000a 00BF     		.align	2
 275              	.L19:
 276 000c 76580040 		.word	1073764470
 277              		.cfi_endproc
 278              	.LFE6:
 279              		.size	SetAnalogRoutingPumps, .-SetAnalogRoutingPumps
 280              		.section	.text.cyfitter_cfg,"ax",%progbits
 281              		.align	2
 282              		.global	cyfitter_cfg
 283              		.thumb
 284              		.thumb_func
 285              		.type	cyfitter_cfg, %function
 286              	cyfitter_cfg:
 287              	.LFB7:
 281:Generated_Source\PSoC5/cyfitter_cfg.c **** }
 282:Generated_Source\PSoC5/cyfitter_cfg.c **** 
 283:Generated_Source\PSoC5/cyfitter_cfg.c **** 
 284:Generated_Source\PSoC5/cyfitter_cfg.c **** 
 285:Generated_Source\PSoC5/cyfitter_cfg.c **** 
 286:Generated_Source\PSoC5/cyfitter_cfg.c **** /*******************************************************************************
 287:Generated_Source\PSoC5/cyfitter_cfg.c **** * Function Name: cyfitter_cfg
 288:Generated_Source\PSoC5/cyfitter_cfg.c **** ********************************************************************************
 289:Generated_Source\PSoC5/cyfitter_cfg.c **** * Summary:
 290:Generated_Source\PSoC5/cyfitter_cfg.c **** *  This function is called by the start-up code for the selected device. It
 291:Generated_Source\PSoC5/cyfitter_cfg.c **** *  performs all of the necessary device configuration based on the design
 292:Generated_Source\PSoC5/cyfitter_cfg.c **** *  settings.  This includes settings from the Design Wide Resources (DWR) such
 293:Generated_Source\PSoC5/cyfitter_cfg.c **** *  as Clocks and Pins as well as any component configuration that is necessary.
 294:Generated_Source\PSoC5/cyfitter_cfg.c **** *
 295:Generated_Source\PSoC5/cyfitter_cfg.c **** * Parameters:
 296:Generated_Source\PSoC5/cyfitter_cfg.c **** *   void
 297:Generated_Source\PSoC5/cyfitter_cfg.c **** *
 298:Generated_Source\PSoC5/cyfitter_cfg.c **** * Return:
 299:Generated_Source\PSoC5/cyfitter_cfg.c **** *   void
 300:Generated_Source\PSoC5/cyfitter_cfg.c **** *
 301:Generated_Source\PSoC5/cyfitter_cfg.c **** *******************************************************************************/
 302:Generated_Source\PSoC5/cyfitter_cfg.c **** 
 303:Generated_Source\PSoC5/cyfitter_cfg.c **** void cyfitter_cfg(void)
 304:Generated_Source\PSoC5/cyfitter_cfg.c **** {
 288              		.loc 1 304 0
 289              		.cfi_startproc
 290              		@ args = 0, pretend = 0, frame = 0
 291              		@ frame_needed = 0, uses_anonymous_args = 0
 292 0000 38B5     		push	{r3, r4, r5, lr}
 293              		.cfi_def_cfa_offset 16
 294              		.cfi_offset 3, -16
 295              		.cfi_offset 4, -12
 296              		.cfi_offset 5, -8
ARM GAS  C:\Users\impler\AppData\Local\Temp\ccdC5WGb.s 			page 12


 297              		.cfi_offset 14, -4
 305:Generated_Source\PSoC5/cyfitter_cfg.c **** #ifdef CYGlobalIntDisable
 306:Generated_Source\PSoC5/cyfitter_cfg.c **** 	/* Disable interrupts by default. Let user enable if/when they want. */
 307:Generated_Source\PSoC5/cyfitter_cfg.c **** 	CYGlobalIntDisable
 298              		.loc 1 307 0
 299              		.syntax unified
 300              	@ 307 "Generated_Source\PSoC5\cyfitter_cfg.c" 1
 301 0002 72B6     		CPSID   i
 302              	@ 0 "" 2
 303              	.LVL19:
 304              		.thumb
 305              		.syntax unified
 306              	.LBB2:
 308:Generated_Source\PSoC5/cyfitter_cfg.c **** #endif
 309:Generated_Source\PSoC5/cyfitter_cfg.c **** 
 310:Generated_Source\PSoC5/cyfitter_cfg.c **** 	{
 311:Generated_Source\PSoC5/cyfitter_cfg.c **** 
 312:Generated_Source\PSoC5/cyfitter_cfg.c **** 		CYPACKED typedef struct {
 313:Generated_Source\PSoC5/cyfitter_cfg.c **** 			void CYFAR *address;
 314:Generated_Source\PSoC5/cyfitter_cfg.c **** 			uint16 size;
 315:Generated_Source\PSoC5/cyfitter_cfg.c **** 		} CYPACKED_ATTR cfg_memset_t;
 316:Generated_Source\PSoC5/cyfitter_cfg.c **** 
 317:Generated_Source\PSoC5/cyfitter_cfg.c **** 		static const cfg_memset_t CYCODE cfg_memset_list[] = {
 318:Generated_Source\PSoC5/cyfitter_cfg.c **** 			/* address, size */
 319:Generated_Source\PSoC5/cyfitter_cfg.c **** 			{(void CYFAR *)(CYREG_PRT0_DR), 16u},
 320:Generated_Source\PSoC5/cyfitter_cfg.c **** 			{(void CYFAR *)(CYREG_PRT3_DR), 32u},
 321:Generated_Source\PSoC5/cyfitter_cfg.c **** 			{(void CYFAR *)(CYREG_PRT6_DR), 16u},
 322:Generated_Source\PSoC5/cyfitter_cfg.c **** 			{(void CYFAR *)(CYREG_PRT12_DR), 16u},
 323:Generated_Source\PSoC5/cyfitter_cfg.c **** 			{(void CYFAR *)(CYREG_PRT15_DR), 16u},
 324:Generated_Source\PSoC5/cyfitter_cfg.c **** 			{(void CYFAR *)(CYDEV_UCFG_B0_P0_U0_BASE), 4096u},
 325:Generated_Source\PSoC5/cyfitter_cfg.c **** 			{(void CYFAR *)(CYDEV_UCFG_B1_P2_U0_BASE), 2048u},
 326:Generated_Source\PSoC5/cyfitter_cfg.c **** 			{(void CYFAR *)(CYDEV_UCFG_DSI0_BASE), 2560u},
 327:Generated_Source\PSoC5/cyfitter_cfg.c **** 			{(void CYFAR *)(CYDEV_UCFG_DSI12_BASE), 512u},
 328:Generated_Source\PSoC5/cyfitter_cfg.c **** 			{(void CYFAR *)(CYREG_BCTL0_MDCLK_EN), 32u},
 329:Generated_Source\PSoC5/cyfitter_cfg.c **** 		};
 330:Generated_Source\PSoC5/cyfitter_cfg.c **** 
 331:Generated_Source\PSoC5/cyfitter_cfg.c **** 		uint8 CYDATA i;
 332:Generated_Source\PSoC5/cyfitter_cfg.c **** 
 333:Generated_Source\PSoC5/cyfitter_cfg.c **** 		/* Zero out critical memory blocks before beginning configuration */
 334:Generated_Source\PSoC5/cyfitter_cfg.c **** 		for (i = 0u; i < (sizeof(cfg_memset_list)/sizeof(cfg_memset_list[0])); i++)
 307              		.loc 1 334 0
 308 0004 0024     		movs	r4, #0
 309 0006 0CE0     		b	.L22
 310              	.LVL20:
 311              	.L23:
 312              	.LBB3:
 335:Generated_Source\PSoC5/cyfitter_cfg.c **** 		{
 336:Generated_Source\PSoC5/cyfitter_cfg.c **** 			const cfg_memset_t CYCODE * CYDATA ms = &cfg_memset_list[i];
 337:Generated_Source\PSoC5/cyfitter_cfg.c **** 			CYMEMZERO(ms->address, (size_t)(uint32)(ms->size));
 313              		.loc 1 337 0 discriminator 3
 314 0008 1F4D     		ldr	r5, .L25
 315 000a 6300     		lsls	r3, r4, #1
 316 000c 1919     		adds	r1, r3, r4
 317 000e 4A00     		lsls	r2, r1, #1
 318 0010 1146     		mov	r1, r2
 319 0012 2A44     		add	r2, r2, r5
 320 0014 0846     		mov	r0, r1
ARM GAS  C:\Users\impler\AppData\Local\Temp\ccdC5WGb.s 			page 13


 321 0016 9188     		ldrh	r1, [r2, #4]
 322 0018 2858     		ldr	r0, [r5, r0]	@ unaligned
 323 001a FFF7FEFF 		bl	CYMEMZERO
 324              	.LVL21:
 325              	.LBE3:
 334:Generated_Source\PSoC5/cyfitter_cfg.c **** 		{
 326              		.loc 1 334 0 discriminator 3
 327 001e 0134     		adds	r4, r4, #1
 328              	.LVL22:
 329 0020 E4B2     		uxtb	r4, r4
 330              	.LVL23:
 331              	.L22:
 334:Generated_Source\PSoC5/cyfitter_cfg.c **** 		{
 332              		.loc 1 334 0 is_stmt 0 discriminator 1
 333 0022 092C     		cmp	r4, #9
 334 0024 F0D9     		bls	.L23
 338:Generated_Source\PSoC5/cyfitter_cfg.c **** 		}
 339:Generated_Source\PSoC5/cyfitter_cfg.c **** 
 340:Generated_Source\PSoC5/cyfitter_cfg.c **** 		/* Enable digital routing */
 341:Generated_Source\PSoC5/cyfitter_cfg.c **** 		CY_SET_XTND_REG8((void CYFAR *)CYREG_BCTL0_BANK_CTL, CY_GET_XTND_REG8((void CYFAR *)CYREG_BCTL0_B
 335              		.loc 1 341 0 is_stmt 1
 336 0026 194A     		ldr	r2, .L25+4
 337 0028 1378     		ldrb	r3, [r2]	@ zero_extendqisi2
 338 002a 43F00203 		orr	r3, r3, #2
 339 002e 1370     		strb	r3, [r2]
 342:Generated_Source\PSoC5/cyfitter_cfg.c **** 		CY_SET_XTND_REG8((void CYFAR *)CYREG_BCTL1_BANK_CTL, CY_GET_XTND_REG8((void CYFAR *)CYREG_BCTL1_B
 340              		.loc 1 342 0
 341 0030 1032     		adds	r2, r2, #16
 342 0032 1378     		ldrb	r3, [r2]	@ zero_extendqisi2
 343 0034 43F00203 		orr	r3, r3, #2
 344 0038 1370     		strb	r3, [r2]
 345              	.LBE2:
 343:Generated_Source\PSoC5/cyfitter_cfg.c **** 	}
 344:Generated_Source\PSoC5/cyfitter_cfg.c **** 
 345:Generated_Source\PSoC5/cyfitter_cfg.c **** 
 346:Generated_Source\PSoC5/cyfitter_cfg.c **** 	/* Perform second pass device configuration. These items must be configured in specific order afte
 347:Generated_Source\PSoC5/cyfitter_cfg.c **** 	CYCONFIGCPY((void CYFAR *)(CYREG_PRT1_DR), (const void CYFAR *)(BS_IOPINS0_1_VAL), 10u);
 346              		.loc 1 347 0
 347 003a 0A22     		movs	r2, #10
 348 003c 4FF09041 		mov	r1, #1207959552
 349 0040 1348     		ldr	r0, .L25+8
 350 0042 FFF7FEFF 		bl	CYCONFIGCPY
 351              	.LVL24:
 348:Generated_Source\PSoC5/cyfitter_cfg.c **** 	CYCONFIGCPY((void CYFAR *)(CYREG_PRT2_DM0), (const void CYFAR *)(BS_IOPINS0_2_VAL), 8u);
 352              		.loc 1 348 0
 353 0046 0822     		movs	r2, #8
 354 0048 1249     		ldr	r1, .L25+12
 355 004a 1348     		ldr	r0, .L25+16
 356 004c FFF7FEFF 		bl	CYCONFIGCPY
 357              	.LVL25:
 349:Generated_Source\PSoC5/cyfitter_cfg.c **** 	CYCONFIGCPY((void CYFAR *)(CYREG_PRT5_DM0), (const void CYFAR *)(BS_IOPINS0_5_VAL), 8u);
 358              		.loc 1 349 0
 359 0050 0822     		movs	r2, #8
 360 0052 1249     		ldr	r1, .L25+20
 361 0054 1248     		ldr	r0, .L25+24
 362 0056 FFF7FEFF 		bl	CYCONFIGCPY
 363              	.LVL26:
ARM GAS  C:\Users\impler\AppData\Local\Temp\ccdC5WGb.s 			page 14


 350:Generated_Source\PSoC5/cyfitter_cfg.c **** 	/* Switch Boost to the precision bandgap reference from its internal reference */
 351:Generated_Source\PSoC5/cyfitter_cfg.c **** 	CY_SET_REG8((void CYXDATA *)CYREG_BOOST_CR2, (CY_GET_REG8((void CYXDATA *)CYREG_BOOST_CR2) | 0x08u
 364              		.loc 1 351 0
 365 005a 124A     		ldr	r2, .L25+28
 366 005c 1378     		ldrb	r3, [r2]	@ zero_extendqisi2
 367 005e 43F00803 		orr	r3, r3, #8
 368 0062 1370     		strb	r3, [r2]
 352:Generated_Source\PSoC5/cyfitter_cfg.c **** 
 353:Generated_Source\PSoC5/cyfitter_cfg.c **** 	/* Set Flash Cycles based on max possible frequency in case a glitch occurs during ClockSetup(). *
 354:Generated_Source\PSoC5/cyfitter_cfg.c **** 	CY_SET_XTND_REG8((void CYFAR *)(CYREG_CACHE_CC_CTL), (((CYDEV_INSTRUCT_CACHE_ENABLED) != 0) ? 0x61
 369              		.loc 1 354 0
 370 0064 104C     		ldr	r4, .L25+32
 371              	.LVL27:
 372 0066 6123     		movs	r3, #97
 373 0068 2370     		strb	r3, [r4]
 355:Generated_Source\PSoC5/cyfitter_cfg.c **** 	/* Setup clocks based on selections from Clock DWR */
 356:Generated_Source\PSoC5/cyfitter_cfg.c **** 	ClockSetup();
 374              		.loc 1 356 0
 375 006a FFF7FEFF 		bl	ClockSetup
 376              	.LVL28:
 357:Generated_Source\PSoC5/cyfitter_cfg.c **** 	/* Set Flash Cycles based on newly configured 24.00MHz Bus Clock. */
 358:Generated_Source\PSoC5/cyfitter_cfg.c **** 	CY_SET_XTND_REG8((void CYFAR *)(CYREG_CACHE_CC_CTL), (((CYDEV_INSTRUCT_CACHE_ENABLED) != 0) ? 0x81
 377              		.loc 1 358 0
 378 006e 8123     		movs	r3, #129
 379 0070 2370     		strb	r3, [r4]
 359:Generated_Source\PSoC5/cyfitter_cfg.c **** 	CY_SET_XTND_REG8((void CYFAR *)(CYREG_PANTHER_WAITPIPE), 0x01u);
 380              		.loc 1 359 0
 381 0072 0122     		movs	r2, #1
 382 0074 0D4B     		ldr	r3, .L25+36
 383 0076 1A70     		strb	r2, [r3]
 360:Generated_Source\PSoC5/cyfitter_cfg.c **** 
 361:Generated_Source\PSoC5/cyfitter_cfg.c **** 	/* Perform basic analog initialization to defaults */
 362:Generated_Source\PSoC5/cyfitter_cfg.c **** 	AnalogSetDefault();
 384              		.loc 1 362 0
 385 0078 FFF7FEFF 		bl	AnalogSetDefault
 386              	.LVL29:
 363:Generated_Source\PSoC5/cyfitter_cfg.c **** 
 364:Generated_Source\PSoC5/cyfitter_cfg.c **** 	/* Configure alternate active mode */
 365:Generated_Source\PSoC5/cyfitter_cfg.c **** 	CYCONFIGCPY((void CYFAR *)CYDEV_PM_STBY_BASE, (const void CYFAR *)CYDEV_PM_ACT_BASE, 14u);
 387              		.loc 1 365 0
 388 007c 0E22     		movs	r2, #14
 389 007e 0C49     		ldr	r1, .L25+40
 390 0080 0C48     		ldr	r0, .L25+44
 391 0082 FFF7FEFF 		bl	CYCONFIGCPY
 392              	.LVL30:
 393 0086 38BD     		pop	{r3, r4, r5, pc}
 394              	.L26:
 395              		.align	2
 396              	.L25:
 397 0088 00000000 		.word	.LANCHOR0
 398 008c 03500140 		.word	1073827843
 399 0090 10510040 		.word	1073762576
 400 0094 0C000048 		.word	1207959564
 401 0098 22510040 		.word	1073762594
 402 009c 14000048 		.word	1207959572
 403 00a0 52510040 		.word	1073762642
 404 00a4 22430040 		.word	1073759010
ARM GAS  C:\Users\impler\AppData\Local\Temp\ccdC5WGb.s 			page 15


 405 00a8 00480040 		.word	1073760256
 406 00ac 04000840 		.word	1074266116
 407 00b0 A0430040 		.word	1073759136
 408 00b4 B0430040 		.word	1073759152
 409              		.cfi_endproc
 410              	.LFE7:
 411              		.size	cyfitter_cfg, .-cyfitter_cfg
 412              		.section	.rodata
 413              		.align	2
 414              		.set	.LANCHOR0,. + 0
 415              		.type	cfg_memset_list.5020, %object
 416              		.size	cfg_memset_list.5020, 60
 417              	cfg_memset_list.5020:
 418 0000 00510040 		.word	1073762560
 419 0004 1000     		.short	16
 420 0006 30510040 		.4byte	1073762608
 421 000a 2000     		.short	32
 422 000c 60510040 		.word	1073762656
 423 0010 1000     		.short	16
 424 0012 C0510040 		.4byte	1073762752
 425 0016 1000     		.short	16
 426 0018 F0510040 		.word	1073762800
 427 001c 1000     		.short	16
 428 001e 00000140 		.4byte	1073807360
 429 0022 0010     		.short	4096
 430 0024 00140140 		.word	1073812480
 431 0028 0008     		.short	2048
 432 002a 00400140 		.4byte	1073823744
 433 002e 000A     		.short	2560
 434 0030 004C0140 		.word	1073826816
 435 0034 0002     		.short	512
 436 0036 00500140 		.4byte	1073827840
 437 003a 2000     		.short	32
 438              		.text
 439              	.Letext0:
 440              		.file 2 "c:\\program files (x86)\\cypress\\psoc creator\\4.4\\psoc creator\\import\\gnu\\arm\\5.4.
 441              		.file 3 "Generated_Source\\PSoC5\\cytypes.h"
 442              		.file 4 "Generated_Source\\PSoC5\\CyLib.h"
 443              		.section	.debug_info,"",%progbits
 444              	.Ldebug_info0:
 445 0000 17040000 		.4byte	0x417
 446 0004 0400     		.2byte	0x4
 447 0006 00000000 		.4byte	.Ldebug_abbrev0
 448 000a 04       		.byte	0x4
 449 000b 01       		.uleb128 0x1
 450 000c 95000000 		.4byte	.LASF39
 451 0010 0C       		.byte	0xc
 452 0011 F6010000 		.4byte	.LASF40
 453 0015 61020000 		.4byte	.LASF41
 454 0019 00000000 		.4byte	.Ldebug_ranges0+0
 455 001d 00000000 		.4byte	0
 456 0021 00000000 		.4byte	.Ldebug_line0
 457 0025 02       		.uleb128 0x2
 458 0026 04       		.byte	0x4
 459 0027 05       		.byte	0x5
 460 0028 696E7400 		.ascii	"int\000"
 461 002c 03       		.uleb128 0x3
ARM GAS  C:\Users\impler\AppData\Local\Temp\ccdC5WGb.s 			page 16


 462 002d 14000000 		.4byte	.LASF12
 463 0031 02       		.byte	0x2
 464 0032 D8       		.byte	0xd8
 465 0033 37000000 		.4byte	0x37
 466 0037 04       		.uleb128 0x4
 467 0038 04       		.byte	0x4
 468 0039 07       		.byte	0x7
 469 003a A1010000 		.4byte	.LASF0
 470 003e 04       		.uleb128 0x4
 471 003f 08       		.byte	0x8
 472 0040 05       		.byte	0x5
 473 0041 E8010000 		.4byte	.LASF1
 474 0045 04       		.uleb128 0x4
 475 0046 08       		.byte	0x8
 476 0047 04       		.byte	0x4
 477 0048 43020000 		.4byte	.LASF2
 478 004c 04       		.uleb128 0x4
 479 004d 01       		.byte	0x1
 480 004e 06       		.byte	0x6
 481 004f 84000000 		.4byte	.LASF3
 482 0053 04       		.uleb128 0x4
 483 0054 01       		.byte	0x1
 484 0055 08       		.byte	0x8
 485 0056 60010000 		.4byte	.LASF4
 486 005a 04       		.uleb128 0x4
 487 005b 02       		.byte	0x2
 488 005c 05       		.byte	0x5
 489 005d 23020000 		.4byte	.LASF5
 490 0061 04       		.uleb128 0x4
 491 0062 02       		.byte	0x2
 492 0063 07       		.byte	0x7
 493 0064 4F000000 		.4byte	.LASF6
 494 0068 04       		.uleb128 0x4
 495 0069 04       		.byte	0x4
 496 006a 05       		.byte	0x5
 497 006b 35020000 		.4byte	.LASF7
 498 006f 04       		.uleb128 0x4
 499 0070 04       		.byte	0x4
 500 0071 07       		.byte	0x7
 501 0072 28010000 		.4byte	.LASF8
 502 0076 04       		.uleb128 0x4
 503 0077 08       		.byte	0x8
 504 0078 07       		.byte	0x7
 505 0079 B6010000 		.4byte	.LASF9
 506 007d 04       		.uleb128 0x4
 507 007e 04       		.byte	0x4
 508 007f 07       		.byte	0x7
 509 0080 DF010000 		.4byte	.LASF10
 510 0084 05       		.uleb128 0x5
 511 0085 04       		.byte	0x4
 512 0086 04       		.uleb128 0x4
 513 0087 01       		.byte	0x1
 514 0088 08       		.byte	0x8
 515 0089 3E020000 		.4byte	.LASF11
 516 008d 06       		.uleb128 0x6
 517 008e 3A010000 		.4byte	.LASF13
 518 0092 03       		.byte	0x3
ARM GAS  C:\Users\impler\AppData\Local\Temp\ccdC5WGb.s 			page 17


 519 0093 E801     		.2byte	0x1e8
 520 0095 53000000 		.4byte	0x53
 521 0099 06       		.uleb128 0x6
 522 009a 89010000 		.4byte	.LASF14
 523 009e 03       		.byte	0x3
 524 009f E901     		.2byte	0x1e9
 525 00a1 61000000 		.4byte	0x61
 526 00a5 06       		.uleb128 0x6
 527 00a6 9A010000 		.4byte	.LASF15
 528 00aa 03       		.byte	0x3
 529 00ab EA01     		.2byte	0x1ea
 530 00ad 6F000000 		.4byte	0x6f
 531 00b1 04       		.uleb128 0x4
 532 00b2 04       		.byte	0x4
 533 00b3 04       		.byte	0x4
 534 00b4 6A000000 		.4byte	.LASF16
 535 00b8 04       		.uleb128 0x4
 536 00b9 08       		.byte	0x8
 537 00ba 04       		.byte	0x4
 538 00bb 75010000 		.4byte	.LASF17
 539 00bf 06       		.uleb128 0x6
 540 00c0 23010000 		.4byte	.LASF18
 541 00c4 03       		.byte	0x3
 542 00c5 9202     		.2byte	0x292
 543 00c7 CB000000 		.4byte	0xcb
 544 00cb 07       		.uleb128 0x7
 545 00cc 8D000000 		.4byte	0x8d
 546 00d0 06       		.uleb128 0x6
 547 00d1 00000000 		.4byte	.LASF19
 548 00d5 03       		.byte	0x3
 549 00d6 9302     		.2byte	0x293
 550 00d8 DC000000 		.4byte	0xdc
 551 00dc 07       		.uleb128 0x7
 552 00dd 99000000 		.4byte	0x99
 553 00e1 08       		.uleb128 0x8
 554 00e2 70000000 		.4byte	.LASF42
 555 00e6 01       		.byte	0x1
 556 00e7 7F       		.byte	0x7f
 557 00e8 00000000 		.4byte	.LFB3
 558 00ec 02000000 		.4byte	.LFE3-.LFB3
 559 00f0 01       		.uleb128 0x1
 560 00f1 9C       		.byte	0x9c
 561 00f2 04010000 		.4byte	0x104
 562 00f6 09       		.uleb128 0x9
 563 00f7 90010000 		.4byte	.LASF22
 564 00fb 01       		.byte	0x1
 565 00fc 7F       		.byte	0x7f
 566 00fd 8D000000 		.4byte	0x8d
 567 0101 01       		.uleb128 0x1
 568 0102 50       		.byte	0x50
 569 0103 00       		.byte	0
 570 0104 0A       		.uleb128 0xa
 571 0105 1B000000 		.4byte	.LASF20
 572 0109 01       		.byte	0x1
 573 010a F3       		.byte	0xf3
 574 010b 00000000 		.4byte	.LFB5
 575 010f 28000000 		.4byte	.LFE5-.LFB5
ARM GAS  C:\Users\impler\AppData\Local\Temp\ccdC5WGb.s 			page 18


 576 0113 01       		.uleb128 0x1
 577 0114 9C       		.byte	0x9c
 578 0115 29010000 		.4byte	0x129
 579 0119 0B       		.uleb128 0xb
 580 011a 4F020000 		.4byte	.LASF26
 581 011e 01       		.byte	0x1
 582 011f F5       		.byte	0xf5
 583 0120 8D000000 		.4byte	0x8d
 584 0124 00000000 		.4byte	.LLST0
 585 0128 00       		.byte	0
 586 0129 0A       		.uleb128 0xa
 587 012a 40010000 		.4byte	.LASF21
 588 012e 01       		.byte	0x1
 589 012f 4D       		.byte	0x4d
 590 0130 00000000 		.4byte	.LFB0
 591 0134 0C000000 		.4byte	.LFE0-.LFB0
 592 0138 01       		.uleb128 0x1
 593 0139 9C       		.byte	0x9c
 594 013a 76010000 		.4byte	0x176
 595 013e 0C       		.uleb128 0xc
 596 013f 7300     		.ascii	"s\000"
 597 0141 01       		.byte	0x1
 598 0142 4D       		.byte	0x4d
 599 0143 84000000 		.4byte	0x84
 600 0147 13000000 		.4byte	.LLST1
 601 014b 0C       		.uleb128 0xc
 602 014c 6E00     		.ascii	"n\000"
 603 014e 01       		.byte	0x1
 604 014f 4D       		.byte	0x4d
 605 0150 2C000000 		.4byte	0x2c
 606 0154 34000000 		.4byte	.LLST2
 607 0158 0D       		.uleb128 0xd
 608 0159 0A000000 		.4byte	.LVL5
 609 015d FD030000 		.4byte	0x3fd
 610 0161 0E       		.uleb128 0xe
 611 0162 01       		.uleb128 0x1
 612 0163 50       		.byte	0x50
 613 0164 03       		.uleb128 0x3
 614 0165 F3       		.byte	0xf3
 615 0166 01       		.uleb128 0x1
 616 0167 50       		.byte	0x50
 617 0168 0E       		.uleb128 0xe
 618 0169 01       		.uleb128 0x1
 619 016a 51       		.byte	0x51
 620 016b 01       		.uleb128 0x1
 621 016c 30       		.byte	0x30
 622 016d 0E       		.uleb128 0xe
 623 016e 01       		.uleb128 0x1
 624 016f 52       		.byte	0x52
 625 0170 03       		.uleb128 0x3
 626 0171 F3       		.byte	0xf3
 627 0172 01       		.uleb128 0x1
 628 0173 51       		.byte	0x51
 629 0174 00       		.byte	0
 630 0175 00       		.byte	0
 631 0176 0A       		.uleb128 0xa
 632 0177 A4020000 		.4byte	.LASF23
ARM GAS  C:\Users\impler\AppData\Local\Temp\ccdC5WGb.s 			page 19


 633 017b 01       		.byte	0x1
 634 017c 54       		.byte	0x54
 635 017d 00000000 		.4byte	.LFB1
 636 0181 08000000 		.4byte	.LFE1-.LFB1
 637 0185 01       		.uleb128 0x1
 638 0186 9C       		.byte	0x9c
 639 0187 D6010000 		.4byte	0x1d6
 640 018b 0F       		.uleb128 0xf
 641 018c CD010000 		.4byte	.LASF24
 642 0190 01       		.byte	0x1
 643 0191 54       		.byte	0x54
 644 0192 84000000 		.4byte	0x84
 645 0196 60000000 		.4byte	.LLST3
 646 019a 0C       		.uleb128 0xc
 647 019b 73726300 		.ascii	"src\000"
 648 019f 01       		.byte	0x1
 649 01a0 54       		.byte	0x54
 650 01a1 D6010000 		.4byte	0x1d6
 651 01a5 81000000 		.4byte	.LLST4
 652 01a9 0C       		.uleb128 0xc
 653 01aa 6E00     		.ascii	"n\000"
 654 01ac 01       		.byte	0x1
 655 01ad 54       		.byte	0x54
 656 01ae 2C000000 		.4byte	0x2c
 657 01b2 A2000000 		.4byte	.LLST5
 658 01b6 0D       		.uleb128 0xd
 659 01b7 06000000 		.4byte	.LVL7
 660 01bb 06040000 		.4byte	0x406
 661 01bf 0E       		.uleb128 0xe
 662 01c0 01       		.uleb128 0x1
 663 01c1 50       		.byte	0x50
 664 01c2 03       		.uleb128 0x3
 665 01c3 F3       		.byte	0xf3
 666 01c4 01       		.uleb128 0x1
 667 01c5 50       		.byte	0x50
 668 01c6 0E       		.uleb128 0xe
 669 01c7 01       		.uleb128 0x1
 670 01c8 51       		.byte	0x51
 671 01c9 03       		.uleb128 0x3
 672 01ca F3       		.byte	0xf3
 673 01cb 01       		.uleb128 0x1
 674 01cc 51       		.byte	0x51
 675 01cd 0E       		.uleb128 0xe
 676 01ce 01       		.uleb128 0x1
 677 01cf 52       		.byte	0x52
 678 01d0 03       		.uleb128 0x3
 679 01d1 F3       		.byte	0xf3
 680 01d2 01       		.uleb128 0x1
 681 01d3 52       		.byte	0x52
 682 01d4 00       		.byte	0
 683 01d5 00       		.byte	0
 684 01d6 10       		.uleb128 0x10
 685 01d7 04       		.byte	0x4
 686 01d8 DC010000 		.4byte	0x1dc
 687 01dc 11       		.uleb128 0x11
 688 01dd 0A       		.uleb128 0xa
 689 01de 44000000 		.4byte	.LASF25
ARM GAS  C:\Users\impler\AppData\Local\Temp\ccdC5WGb.s 			page 20


 690 01e2 01       		.byte	0x1
 691 01e3 B5       		.byte	0xb5
 692 01e4 00000000 		.4byte	.LFB4
 693 01e8 AC000000 		.4byte	.LFE4-.LFB4
 694 01ec 01       		.uleb128 0x1
 695 01ed 9C       		.byte	0x9c
 696 01ee 5A020000 		.4byte	0x25a
 697 01f2 0B       		.uleb128 0xb
 698 01f3 2C000000 		.4byte	.LASF27
 699 01f7 01       		.byte	0x1
 700 01f8 B7       		.byte	0xb7
 701 01f9 A5000000 		.4byte	0xa5
 702 01fd C3000000 		.4byte	.LLST6
 703 0201 0B       		.uleb128 0xb
 704 0202 62000000 		.4byte	.LASF28
 705 0206 01       		.byte	0x1
 706 0207 B8       		.byte	0xb8
 707 0208 8D000000 		.4byte	0x8d
 708 020c E2000000 		.4byte	.LLST7
 709 0210 12       		.uleb128 0x12
 710 0211 0C000000 		.4byte	.LVL8
 711 0215 76010000 		.4byte	0x176
 712 0219 35020000 		.4byte	0x235
 713 021d 0E       		.uleb128 0xe
 714 021e 01       		.uleb128 0x1
 715 021f 50       		.byte	0x50
 716 0220 05       		.uleb128 0x5
 717 0221 0C       		.byte	0xc
 718 0222 00410040 		.4byte	0x40004100
 719 0226 0E       		.uleb128 0xe
 720 0227 01       		.uleb128 0x1
 721 0228 51       		.byte	0x51
 722 0229 05       		.uleb128 0x5
 723 022a 0C       		.byte	0xc
 724 022b 1C000048 		.4byte	0x4800001c
 725 022f 0E       		.uleb128 0xe
 726 0230 01       		.uleb128 0x1
 727 0231 52       		.byte	0x52
 728 0232 01       		.uleb128 0x1
 729 0233 34       		.byte	0x34
 730 0234 00       		.byte	0
 731 0235 12       		.uleb128 0x12
 732 0236 56000000 		.4byte	.LVL13
 733 023a 0F040000 		.4byte	0x40f
 734 023e 4A020000 		.4byte	0x24a
 735 0242 0E       		.uleb128 0xe
 736 0243 01       		.uleb128 0x1
 737 0244 50       		.byte	0x50
 738 0245 03       		.uleb128 0x3
 739 0246 0A       		.byte	0xa
 740 0247 E001     		.2byte	0x1e0
 741 0249 00       		.byte	0
 742 024a 0D       		.uleb128 0xd
 743 024b 66000000 		.4byte	.LVL15
 744 024f E1000000 		.4byte	0xe1
 745 0253 0E       		.uleb128 0xe
 746 0254 01       		.uleb128 0x1
ARM GAS  C:\Users\impler\AppData\Local\Temp\ccdC5WGb.s 			page 21


 747 0255 50       		.byte	0x50
 748 0256 01       		.uleb128 0x1
 749 0257 33       		.byte	0x33
 750 0258 00       		.byte	0
 751 0259 00       		.byte	0
 752 025a 13       		.uleb128 0x13
 753 025b 4A010000 		.4byte	.LASF31
 754 025f 01       		.byte	0x1
 755 0260 0D01     		.2byte	0x10d
 756 0262 00000000 		.4byte	.LFB6
 757 0266 10000000 		.4byte	.LFE6-.LFB6
 758 026a 01       		.uleb128 0x1
 759 026b 9C       		.byte	0x9c
 760 026c 8D020000 		.4byte	0x28d
 761 0270 14       		.uleb128 0x14
 762 0271 2D020000 		.4byte	.LASF29
 763 0275 01       		.byte	0x1
 764 0276 0D01     		.2byte	0x10d
 765 0278 8D000000 		.4byte	0x8d
 766 027c 01       		.uleb128 0x1
 767 027d 50       		.byte	0x50
 768 027e 15       		.uleb128 0x15
 769 027f 9B020000 		.4byte	.LASF30
 770 0283 01       		.byte	0x1
 771 0284 0F01     		.2byte	0x10f
 772 0286 8D000000 		.4byte	0x8d
 773 028a 01       		.uleb128 0x1
 774 028b 53       		.byte	0x53
 775 028c 00       		.byte	0
 776 028d 13       		.uleb128 0x13
 777 028e 7C010000 		.4byte	.LASF32
 778 0292 01       		.byte	0x1
 779 0293 2F01     		.2byte	0x12f
 780 0295 00000000 		.4byte	.LFB7
 781 0299 B8000000 		.4byte	.LFE7-.LFB7
 782 029d 01       		.uleb128 0x1
 783 029e 9C       		.byte	0x9c
 784 029f FD030000 		.4byte	0x3fd
 785 02a3 16       		.uleb128 0x16
 786 02a4 04000000 		.4byte	.LBB2
 787 02a8 36000000 		.4byte	.LBE2-.LBB2
 788 02ac 5C030000 		.4byte	0x35c
 789 02b0 17       		.uleb128 0x17
 790 02b1 06       		.byte	0x6
 791 02b2 01       		.byte	0x1
 792 02b3 3801     		.2byte	0x138
 793 02b5 D4020000 		.4byte	0x2d4
 794 02b9 18       		.uleb128 0x18
 795 02ba AE010000 		.4byte	.LASF33
 796 02be 01       		.byte	0x1
 797 02bf 3901     		.2byte	0x139
 798 02c1 84000000 		.4byte	0x84
 799 02c5 00       		.byte	0
 800 02c6 18       		.uleb128 0x18
 801 02c7 90000000 		.4byte	.LASF34
 802 02cb 01       		.byte	0x1
 803 02cc 3A01     		.2byte	0x13a
ARM GAS  C:\Users\impler\AppData\Local\Temp\ccdC5WGb.s 			page 22


 804 02ce 99000000 		.4byte	0x99
 805 02d2 04       		.byte	0x4
 806 02d3 00       		.byte	0
 807 02d4 06       		.uleb128 0x6
 808 02d5 D2010000 		.4byte	.LASF35
 809 02d9 01       		.byte	0x1
 810 02da 3B01     		.2byte	0x13b
 811 02dc B0020000 		.4byte	0x2b0
 812 02e0 19       		.uleb128 0x19
 813 02e1 F0020000 		.4byte	0x2f0
 814 02e5 F0020000 		.4byte	0x2f0
 815 02e9 1A       		.uleb128 0x1a
 816 02ea 7D000000 		.4byte	0x7d
 817 02ee 09       		.byte	0x9
 818 02ef 00       		.byte	0
 819 02f0 1B       		.uleb128 0x1b
 820 02f1 D4020000 		.4byte	0x2d4
 821 02f5 15       		.uleb128 0x15
 822 02f6 34000000 		.4byte	.LASF36
 823 02fa 01       		.byte	0x1
 824 02fb 3D01     		.2byte	0x13d
 825 02fd 07030000 		.4byte	0x307
 826 0301 05       		.uleb128 0x5
 827 0302 03       		.byte	0x3
 828 0303 00000000 		.4byte	cfg_memset_list.5020
 829 0307 1B       		.uleb128 0x1b
 830 0308 E0020000 		.4byte	0x2e0
 831 030c 1C       		.uleb128 0x1c
 832 030d 6900     		.ascii	"i\000"
 833 030f 01       		.byte	0x1
 834 0310 4B01     		.2byte	0x14b
 835 0312 8D000000 		.4byte	0x8d
 836 0316 0C010000 		.4byte	.LLST8
 837 031a 1D       		.uleb128 0x1d
 838 031b 08000000 		.4byte	.LBB3
 839 031f 16000000 		.4byte	.LBE3-.LBB3
 840 0323 1C       		.uleb128 0x1c
 841 0324 6D7300   		.ascii	"ms\000"
 842 0327 01       		.byte	0x1
 843 0328 5001     		.2byte	0x150
 844 032a 32030000 		.4byte	0x332
 845 032e 36010000 		.4byte	.LLST9
 846 0332 10       		.uleb128 0x10
 847 0333 04       		.byte	0x4
 848 0334 F0020000 		.4byte	0x2f0
 849 0338 0D       		.uleb128 0xd
 850 0339 1E000000 		.4byte	.LVL21
 851 033d 29010000 		.4byte	0x129
 852 0341 0E       		.uleb128 0xe
 853 0342 01       		.uleb128 0x1
 854 0343 51       		.byte	0x51
 855 0344 14       		.uleb128 0x14
 856 0345 74       		.byte	0x74
 857 0346 00       		.sleb128 0
 858 0347 31       		.byte	0x31
 859 0348 24       		.byte	0x24
 860 0349 74       		.byte	0x74
ARM GAS  C:\Users\impler\AppData\Local\Temp\ccdC5WGb.s 			page 23


 861 034a 00       		.sleb128 0
 862 034b 22       		.byte	0x22
 863 034c 31       		.byte	0x31
 864 034d 24       		.byte	0x24
 865 034e 75       		.byte	0x75
 866 034f 00       		.sleb128 0
 867 0350 22       		.byte	0x22
 868 0351 23       		.byte	0x23
 869 0352 04       		.uleb128 0x4
 870 0353 94       		.byte	0x94
 871 0354 02       		.byte	0x2
 872 0355 0A       		.byte	0xa
 873 0356 FFFF     		.2byte	0xffff
 874 0358 1A       		.byte	0x1a
 875 0359 00       		.byte	0
 876 035a 00       		.byte	0
 877 035b 00       		.byte	0
 878 035c 12       		.uleb128 0x12
 879 035d 46000000 		.4byte	.LVL24
 880 0361 76010000 		.4byte	0x176
 881 0365 7F030000 		.4byte	0x37f
 882 0369 0E       		.uleb128 0xe
 883 036a 01       		.uleb128 0x1
 884 036b 50       		.byte	0x50
 885 036c 05       		.uleb128 0x5
 886 036d 0C       		.byte	0xc
 887 036e 10510040 		.4byte	0x40005110
 888 0372 0E       		.uleb128 0xe
 889 0373 01       		.uleb128 0x1
 890 0374 51       		.byte	0x51
 891 0375 03       		.uleb128 0x3
 892 0376 42       		.byte	0x42
 893 0377 4A       		.byte	0x4a
 894 0378 24       		.byte	0x24
 895 0379 0E       		.uleb128 0xe
 896 037a 01       		.uleb128 0x1
 897 037b 52       		.byte	0x52
 898 037c 01       		.uleb128 0x1
 899 037d 3A       		.byte	0x3a
 900 037e 00       		.byte	0
 901 037f 12       		.uleb128 0x12
 902 0380 50000000 		.4byte	.LVL25
 903 0384 76010000 		.4byte	0x176
 904 0388 A4030000 		.4byte	0x3a4
 905 038c 0E       		.uleb128 0xe
 906 038d 01       		.uleb128 0x1
 907 038e 50       		.byte	0x50
 908 038f 05       		.uleb128 0x5
 909 0390 0C       		.byte	0xc
 910 0391 22510040 		.4byte	0x40005122
 911 0395 0E       		.uleb128 0xe
 912 0396 01       		.uleb128 0x1
 913 0397 51       		.byte	0x51
 914 0398 05       		.uleb128 0x5
 915 0399 0C       		.byte	0xc
 916 039a 0C000048 		.4byte	0x4800000c
 917 039e 0E       		.uleb128 0xe
ARM GAS  C:\Users\impler\AppData\Local\Temp\ccdC5WGb.s 			page 24


 918 039f 01       		.uleb128 0x1
 919 03a0 52       		.byte	0x52
 920 03a1 01       		.uleb128 0x1
 921 03a2 38       		.byte	0x38
 922 03a3 00       		.byte	0
 923 03a4 12       		.uleb128 0x12
 924 03a5 5A000000 		.4byte	.LVL26
 925 03a9 76010000 		.4byte	0x176
 926 03ad C9030000 		.4byte	0x3c9
 927 03b1 0E       		.uleb128 0xe
 928 03b2 01       		.uleb128 0x1
 929 03b3 50       		.byte	0x50
 930 03b4 05       		.uleb128 0x5
 931 03b5 0C       		.byte	0xc
 932 03b6 52510040 		.4byte	0x40005152
 933 03ba 0E       		.uleb128 0xe
 934 03bb 01       		.uleb128 0x1
 935 03bc 51       		.byte	0x51
 936 03bd 05       		.uleb128 0x5
 937 03be 0C       		.byte	0xc
 938 03bf 14000048 		.4byte	0x48000014
 939 03c3 0E       		.uleb128 0xe
 940 03c4 01       		.uleb128 0x1
 941 03c5 52       		.byte	0x52
 942 03c6 01       		.uleb128 0x1
 943 03c7 38       		.byte	0x38
 944 03c8 00       		.byte	0
 945 03c9 1E       		.uleb128 0x1e
 946 03ca 6E000000 		.4byte	.LVL28
 947 03ce DD010000 		.4byte	0x1dd
 948 03d2 1E       		.uleb128 0x1e
 949 03d3 7C000000 		.4byte	.LVL29
 950 03d7 04010000 		.4byte	0x104
 951 03db 0D       		.uleb128 0xd
 952 03dc 86000000 		.4byte	.LVL30
 953 03e0 76010000 		.4byte	0x176
 954 03e4 0E       		.uleb128 0xe
 955 03e5 01       		.uleb128 0x1
 956 03e6 50       		.byte	0x50
 957 03e7 05       		.uleb128 0x5
 958 03e8 0C       		.byte	0xc
 959 03e9 B0430040 		.4byte	0x400043b0
 960 03ed 0E       		.uleb128 0xe
 961 03ee 01       		.uleb128 0x1
 962 03ef 51       		.byte	0x51
 963 03f0 05       		.uleb128 0x5
 964 03f1 0C       		.byte	0xc
 965 03f2 A0430040 		.4byte	0x400043a0
 966 03f6 0E       		.uleb128 0xe
 967 03f7 01       		.uleb128 0x1
 968 03f8 52       		.byte	0x52
 969 03f9 01       		.uleb128 0x1
 970 03fa 3E       		.byte	0x3e
 971 03fb 00       		.byte	0
 972 03fc 00       		.byte	0
 973 03fd 1F       		.uleb128 0x1f
 974 03fe 6E010000 		.4byte	.LASF37
ARM GAS  C:\Users\impler\AppData\Local\Temp\ccdC5WGb.s 			page 25


 975 0402 6E010000 		.4byte	.LASF37
 976 0406 1F       		.uleb128 0x1f
 977 0407 1C020000 		.4byte	.LASF38
 978 040b 1C020000 		.4byte	.LASF38
 979 040f 20       		.uleb128 0x20
 980 0410 06000000 		.4byte	.LASF43
 981 0414 06000000 		.4byte	.LASF43
 982 0418 04       		.byte	0x4
 983 0419 79       		.byte	0x79
 984 041a 00       		.byte	0
 985              		.section	.debug_abbrev,"",%progbits
 986              	.Ldebug_abbrev0:
 987 0000 01       		.uleb128 0x1
 988 0001 11       		.uleb128 0x11
 989 0002 01       		.byte	0x1
 990 0003 25       		.uleb128 0x25
 991 0004 0E       		.uleb128 0xe
 992 0005 13       		.uleb128 0x13
 993 0006 0B       		.uleb128 0xb
 994 0007 03       		.uleb128 0x3
 995 0008 0E       		.uleb128 0xe
 996 0009 1B       		.uleb128 0x1b
 997 000a 0E       		.uleb128 0xe
 998 000b 55       		.uleb128 0x55
 999 000c 17       		.uleb128 0x17
 1000 000d 11       		.uleb128 0x11
 1001 000e 01       		.uleb128 0x1
 1002 000f 10       		.uleb128 0x10
 1003 0010 17       		.uleb128 0x17
 1004 0011 00       		.byte	0
 1005 0012 00       		.byte	0
 1006 0013 02       		.uleb128 0x2
 1007 0014 24       		.uleb128 0x24
 1008 0015 00       		.byte	0
 1009 0016 0B       		.uleb128 0xb
 1010 0017 0B       		.uleb128 0xb
 1011 0018 3E       		.uleb128 0x3e
 1012 0019 0B       		.uleb128 0xb
 1013 001a 03       		.uleb128 0x3
 1014 001b 08       		.uleb128 0x8
 1015 001c 00       		.byte	0
 1016 001d 00       		.byte	0
 1017 001e 03       		.uleb128 0x3
 1018 001f 16       		.uleb128 0x16
 1019 0020 00       		.byte	0
 1020 0021 03       		.uleb128 0x3
 1021 0022 0E       		.uleb128 0xe
 1022 0023 3A       		.uleb128 0x3a
 1023 0024 0B       		.uleb128 0xb
 1024 0025 3B       		.uleb128 0x3b
 1025 0026 0B       		.uleb128 0xb
 1026 0027 49       		.uleb128 0x49
 1027 0028 13       		.uleb128 0x13
 1028 0029 00       		.byte	0
 1029 002a 00       		.byte	0
 1030 002b 04       		.uleb128 0x4
 1031 002c 24       		.uleb128 0x24
ARM GAS  C:\Users\impler\AppData\Local\Temp\ccdC5WGb.s 			page 26


 1032 002d 00       		.byte	0
 1033 002e 0B       		.uleb128 0xb
 1034 002f 0B       		.uleb128 0xb
 1035 0030 3E       		.uleb128 0x3e
 1036 0031 0B       		.uleb128 0xb
 1037 0032 03       		.uleb128 0x3
 1038 0033 0E       		.uleb128 0xe
 1039 0034 00       		.byte	0
 1040 0035 00       		.byte	0
 1041 0036 05       		.uleb128 0x5
 1042 0037 0F       		.uleb128 0xf
 1043 0038 00       		.byte	0
 1044 0039 0B       		.uleb128 0xb
 1045 003a 0B       		.uleb128 0xb
 1046 003b 00       		.byte	0
 1047 003c 00       		.byte	0
 1048 003d 06       		.uleb128 0x6
 1049 003e 16       		.uleb128 0x16
 1050 003f 00       		.byte	0
 1051 0040 03       		.uleb128 0x3
 1052 0041 0E       		.uleb128 0xe
 1053 0042 3A       		.uleb128 0x3a
 1054 0043 0B       		.uleb128 0xb
 1055 0044 3B       		.uleb128 0x3b
 1056 0045 05       		.uleb128 0x5
 1057 0046 49       		.uleb128 0x49
 1058 0047 13       		.uleb128 0x13
 1059 0048 00       		.byte	0
 1060 0049 00       		.byte	0
 1061 004a 07       		.uleb128 0x7
 1062 004b 35       		.uleb128 0x35
 1063 004c 00       		.byte	0
 1064 004d 49       		.uleb128 0x49
 1065 004e 13       		.uleb128 0x13
 1066 004f 00       		.byte	0
 1067 0050 00       		.byte	0
 1068 0051 08       		.uleb128 0x8
 1069 0052 2E       		.uleb128 0x2e
 1070 0053 01       		.byte	0x1
 1071 0054 03       		.uleb128 0x3
 1072 0055 0E       		.uleb128 0xe
 1073 0056 3A       		.uleb128 0x3a
 1074 0057 0B       		.uleb128 0xb
 1075 0058 3B       		.uleb128 0x3b
 1076 0059 0B       		.uleb128 0xb
 1077 005a 27       		.uleb128 0x27
 1078 005b 19       		.uleb128 0x19
 1079 005c 8701     		.uleb128 0x87
 1080 005e 19       		.uleb128 0x19
 1081 005f 11       		.uleb128 0x11
 1082 0060 01       		.uleb128 0x1
 1083 0061 12       		.uleb128 0x12
 1084 0062 06       		.uleb128 0x6
 1085 0063 40       		.uleb128 0x40
 1086 0064 18       		.uleb128 0x18
 1087 0065 9742     		.uleb128 0x2117
 1088 0067 19       		.uleb128 0x19
ARM GAS  C:\Users\impler\AppData\Local\Temp\ccdC5WGb.s 			page 27


 1089 0068 01       		.uleb128 0x1
 1090 0069 13       		.uleb128 0x13
 1091 006a 00       		.byte	0
 1092 006b 00       		.byte	0
 1093 006c 09       		.uleb128 0x9
 1094 006d 05       		.uleb128 0x5
 1095 006e 00       		.byte	0
 1096 006f 03       		.uleb128 0x3
 1097 0070 0E       		.uleb128 0xe
 1098 0071 3A       		.uleb128 0x3a
 1099 0072 0B       		.uleb128 0xb
 1100 0073 3B       		.uleb128 0x3b
 1101 0074 0B       		.uleb128 0xb
 1102 0075 49       		.uleb128 0x49
 1103 0076 13       		.uleb128 0x13
 1104 0077 02       		.uleb128 0x2
 1105 0078 18       		.uleb128 0x18
 1106 0079 00       		.byte	0
 1107 007a 00       		.byte	0
 1108 007b 0A       		.uleb128 0xa
 1109 007c 2E       		.uleb128 0x2e
 1110 007d 01       		.byte	0x1
 1111 007e 03       		.uleb128 0x3
 1112 007f 0E       		.uleb128 0xe
 1113 0080 3A       		.uleb128 0x3a
 1114 0081 0B       		.uleb128 0xb
 1115 0082 3B       		.uleb128 0x3b
 1116 0083 0B       		.uleb128 0xb
 1117 0084 27       		.uleb128 0x27
 1118 0085 19       		.uleb128 0x19
 1119 0086 11       		.uleb128 0x11
 1120 0087 01       		.uleb128 0x1
 1121 0088 12       		.uleb128 0x12
 1122 0089 06       		.uleb128 0x6
 1123 008a 40       		.uleb128 0x40
 1124 008b 18       		.uleb128 0x18
 1125 008c 9742     		.uleb128 0x2117
 1126 008e 19       		.uleb128 0x19
 1127 008f 01       		.uleb128 0x1
 1128 0090 13       		.uleb128 0x13
 1129 0091 00       		.byte	0
 1130 0092 00       		.byte	0
 1131 0093 0B       		.uleb128 0xb
 1132 0094 34       		.uleb128 0x34
 1133 0095 00       		.byte	0
 1134 0096 03       		.uleb128 0x3
 1135 0097 0E       		.uleb128 0xe
 1136 0098 3A       		.uleb128 0x3a
 1137 0099 0B       		.uleb128 0xb
 1138 009a 3B       		.uleb128 0x3b
 1139 009b 0B       		.uleb128 0xb
 1140 009c 49       		.uleb128 0x49
 1141 009d 13       		.uleb128 0x13
 1142 009e 02       		.uleb128 0x2
 1143 009f 17       		.uleb128 0x17
 1144 00a0 00       		.byte	0
 1145 00a1 00       		.byte	0
ARM GAS  C:\Users\impler\AppData\Local\Temp\ccdC5WGb.s 			page 28


 1146 00a2 0C       		.uleb128 0xc
 1147 00a3 05       		.uleb128 0x5
 1148 00a4 00       		.byte	0
 1149 00a5 03       		.uleb128 0x3
 1150 00a6 08       		.uleb128 0x8
 1151 00a7 3A       		.uleb128 0x3a
 1152 00a8 0B       		.uleb128 0xb
 1153 00a9 3B       		.uleb128 0x3b
 1154 00aa 0B       		.uleb128 0xb
 1155 00ab 49       		.uleb128 0x49
 1156 00ac 13       		.uleb128 0x13
 1157 00ad 02       		.uleb128 0x2
 1158 00ae 17       		.uleb128 0x17
 1159 00af 00       		.byte	0
 1160 00b0 00       		.byte	0
 1161 00b1 0D       		.uleb128 0xd
 1162 00b2 898201   		.uleb128 0x4109
 1163 00b5 01       		.byte	0x1
 1164 00b6 11       		.uleb128 0x11
 1165 00b7 01       		.uleb128 0x1
 1166 00b8 31       		.uleb128 0x31
 1167 00b9 13       		.uleb128 0x13
 1168 00ba 00       		.byte	0
 1169 00bb 00       		.byte	0
 1170 00bc 0E       		.uleb128 0xe
 1171 00bd 8A8201   		.uleb128 0x410a
 1172 00c0 00       		.byte	0
 1173 00c1 02       		.uleb128 0x2
 1174 00c2 18       		.uleb128 0x18
 1175 00c3 9142     		.uleb128 0x2111
 1176 00c5 18       		.uleb128 0x18
 1177 00c6 00       		.byte	0
 1178 00c7 00       		.byte	0
 1179 00c8 0F       		.uleb128 0xf
 1180 00c9 05       		.uleb128 0x5
 1181 00ca 00       		.byte	0
 1182 00cb 03       		.uleb128 0x3
 1183 00cc 0E       		.uleb128 0xe
 1184 00cd 3A       		.uleb128 0x3a
 1185 00ce 0B       		.uleb128 0xb
 1186 00cf 3B       		.uleb128 0x3b
 1187 00d0 0B       		.uleb128 0xb
 1188 00d1 49       		.uleb128 0x49
 1189 00d2 13       		.uleb128 0x13
 1190 00d3 02       		.uleb128 0x2
 1191 00d4 17       		.uleb128 0x17
 1192 00d5 00       		.byte	0
 1193 00d6 00       		.byte	0
 1194 00d7 10       		.uleb128 0x10
 1195 00d8 0F       		.uleb128 0xf
 1196 00d9 00       		.byte	0
 1197 00da 0B       		.uleb128 0xb
 1198 00db 0B       		.uleb128 0xb
 1199 00dc 49       		.uleb128 0x49
 1200 00dd 13       		.uleb128 0x13
 1201 00de 00       		.byte	0
 1202 00df 00       		.byte	0
ARM GAS  C:\Users\impler\AppData\Local\Temp\ccdC5WGb.s 			page 29


 1203 00e0 11       		.uleb128 0x11
 1204 00e1 26       		.uleb128 0x26
 1205 00e2 00       		.byte	0
 1206 00e3 00       		.byte	0
 1207 00e4 00       		.byte	0
 1208 00e5 12       		.uleb128 0x12
 1209 00e6 898201   		.uleb128 0x4109
 1210 00e9 01       		.byte	0x1
 1211 00ea 11       		.uleb128 0x11
 1212 00eb 01       		.uleb128 0x1
 1213 00ec 31       		.uleb128 0x31
 1214 00ed 13       		.uleb128 0x13
 1215 00ee 01       		.uleb128 0x1
 1216 00ef 13       		.uleb128 0x13
 1217 00f0 00       		.byte	0
 1218 00f1 00       		.byte	0
 1219 00f2 13       		.uleb128 0x13
 1220 00f3 2E       		.uleb128 0x2e
 1221 00f4 01       		.byte	0x1
 1222 00f5 3F       		.uleb128 0x3f
 1223 00f6 19       		.uleb128 0x19
 1224 00f7 03       		.uleb128 0x3
 1225 00f8 0E       		.uleb128 0xe
 1226 00f9 3A       		.uleb128 0x3a
 1227 00fa 0B       		.uleb128 0xb
 1228 00fb 3B       		.uleb128 0x3b
 1229 00fc 05       		.uleb128 0x5
 1230 00fd 27       		.uleb128 0x27
 1231 00fe 19       		.uleb128 0x19
 1232 00ff 11       		.uleb128 0x11
 1233 0100 01       		.uleb128 0x1
 1234 0101 12       		.uleb128 0x12
 1235 0102 06       		.uleb128 0x6
 1236 0103 40       		.uleb128 0x40
 1237 0104 18       		.uleb128 0x18
 1238 0105 9742     		.uleb128 0x2117
 1239 0107 19       		.uleb128 0x19
 1240 0108 01       		.uleb128 0x1
 1241 0109 13       		.uleb128 0x13
 1242 010a 00       		.byte	0
 1243 010b 00       		.byte	0
 1244 010c 14       		.uleb128 0x14
 1245 010d 05       		.uleb128 0x5
 1246 010e 00       		.byte	0
 1247 010f 03       		.uleb128 0x3
 1248 0110 0E       		.uleb128 0xe
 1249 0111 3A       		.uleb128 0x3a
 1250 0112 0B       		.uleb128 0xb
 1251 0113 3B       		.uleb128 0x3b
 1252 0114 05       		.uleb128 0x5
 1253 0115 49       		.uleb128 0x49
 1254 0116 13       		.uleb128 0x13
 1255 0117 02       		.uleb128 0x2
 1256 0118 18       		.uleb128 0x18
 1257 0119 00       		.byte	0
 1258 011a 00       		.byte	0
 1259 011b 15       		.uleb128 0x15
ARM GAS  C:\Users\impler\AppData\Local\Temp\ccdC5WGb.s 			page 30


 1260 011c 34       		.uleb128 0x34
 1261 011d 00       		.byte	0
 1262 011e 03       		.uleb128 0x3
 1263 011f 0E       		.uleb128 0xe
 1264 0120 3A       		.uleb128 0x3a
 1265 0121 0B       		.uleb128 0xb
 1266 0122 3B       		.uleb128 0x3b
 1267 0123 05       		.uleb128 0x5
 1268 0124 49       		.uleb128 0x49
 1269 0125 13       		.uleb128 0x13
 1270 0126 02       		.uleb128 0x2
 1271 0127 18       		.uleb128 0x18
 1272 0128 00       		.byte	0
 1273 0129 00       		.byte	0
 1274 012a 16       		.uleb128 0x16
 1275 012b 0B       		.uleb128 0xb
 1276 012c 01       		.byte	0x1
 1277 012d 11       		.uleb128 0x11
 1278 012e 01       		.uleb128 0x1
 1279 012f 12       		.uleb128 0x12
 1280 0130 06       		.uleb128 0x6
 1281 0131 01       		.uleb128 0x1
 1282 0132 13       		.uleb128 0x13
 1283 0133 00       		.byte	0
 1284 0134 00       		.byte	0
 1285 0135 17       		.uleb128 0x17
 1286 0136 13       		.uleb128 0x13
 1287 0137 01       		.byte	0x1
 1288 0138 0B       		.uleb128 0xb
 1289 0139 0B       		.uleb128 0xb
 1290 013a 3A       		.uleb128 0x3a
 1291 013b 0B       		.uleb128 0xb
 1292 013c 3B       		.uleb128 0x3b
 1293 013d 05       		.uleb128 0x5
 1294 013e 01       		.uleb128 0x1
 1295 013f 13       		.uleb128 0x13
 1296 0140 00       		.byte	0
 1297 0141 00       		.byte	0
 1298 0142 18       		.uleb128 0x18
 1299 0143 0D       		.uleb128 0xd
 1300 0144 00       		.byte	0
 1301 0145 03       		.uleb128 0x3
 1302 0146 0E       		.uleb128 0xe
 1303 0147 3A       		.uleb128 0x3a
 1304 0148 0B       		.uleb128 0xb
 1305 0149 3B       		.uleb128 0x3b
 1306 014a 05       		.uleb128 0x5
 1307 014b 49       		.uleb128 0x49
 1308 014c 13       		.uleb128 0x13
 1309 014d 38       		.uleb128 0x38
 1310 014e 0B       		.uleb128 0xb
 1311 014f 00       		.byte	0
 1312 0150 00       		.byte	0
 1313 0151 19       		.uleb128 0x19
 1314 0152 01       		.uleb128 0x1
 1315 0153 01       		.byte	0x1
 1316 0154 49       		.uleb128 0x49
ARM GAS  C:\Users\impler\AppData\Local\Temp\ccdC5WGb.s 			page 31


 1317 0155 13       		.uleb128 0x13
 1318 0156 01       		.uleb128 0x1
 1319 0157 13       		.uleb128 0x13
 1320 0158 00       		.byte	0
 1321 0159 00       		.byte	0
 1322 015a 1A       		.uleb128 0x1a
 1323 015b 21       		.uleb128 0x21
 1324 015c 00       		.byte	0
 1325 015d 49       		.uleb128 0x49
 1326 015e 13       		.uleb128 0x13
 1327 015f 2F       		.uleb128 0x2f
 1328 0160 0B       		.uleb128 0xb
 1329 0161 00       		.byte	0
 1330 0162 00       		.byte	0
 1331 0163 1B       		.uleb128 0x1b
 1332 0164 26       		.uleb128 0x26
 1333 0165 00       		.byte	0
 1334 0166 49       		.uleb128 0x49
 1335 0167 13       		.uleb128 0x13
 1336 0168 00       		.byte	0
 1337 0169 00       		.byte	0
 1338 016a 1C       		.uleb128 0x1c
 1339 016b 34       		.uleb128 0x34
 1340 016c 00       		.byte	0
 1341 016d 03       		.uleb128 0x3
 1342 016e 08       		.uleb128 0x8
 1343 016f 3A       		.uleb128 0x3a
 1344 0170 0B       		.uleb128 0xb
 1345 0171 3B       		.uleb128 0x3b
 1346 0172 05       		.uleb128 0x5
 1347 0173 49       		.uleb128 0x49
 1348 0174 13       		.uleb128 0x13
 1349 0175 02       		.uleb128 0x2
 1350 0176 17       		.uleb128 0x17
 1351 0177 00       		.byte	0
 1352 0178 00       		.byte	0
 1353 0179 1D       		.uleb128 0x1d
 1354 017a 0B       		.uleb128 0xb
 1355 017b 01       		.byte	0x1
 1356 017c 11       		.uleb128 0x11
 1357 017d 01       		.uleb128 0x1
 1358 017e 12       		.uleb128 0x12
 1359 017f 06       		.uleb128 0x6
 1360 0180 00       		.byte	0
 1361 0181 00       		.byte	0
 1362 0182 1E       		.uleb128 0x1e
 1363 0183 898201   		.uleb128 0x4109
 1364 0186 00       		.byte	0
 1365 0187 11       		.uleb128 0x11
 1366 0188 01       		.uleb128 0x1
 1367 0189 31       		.uleb128 0x31
 1368 018a 13       		.uleb128 0x13
 1369 018b 00       		.byte	0
 1370 018c 00       		.byte	0
 1371 018d 1F       		.uleb128 0x1f
 1372 018e 2E       		.uleb128 0x2e
 1373 018f 00       		.byte	0
ARM GAS  C:\Users\impler\AppData\Local\Temp\ccdC5WGb.s 			page 32


 1374 0190 3F       		.uleb128 0x3f
 1375 0191 19       		.uleb128 0x19
 1376 0192 3C       		.uleb128 0x3c
 1377 0193 19       		.uleb128 0x19
 1378 0194 6E       		.uleb128 0x6e
 1379 0195 0E       		.uleb128 0xe
 1380 0196 03       		.uleb128 0x3
 1381 0197 0E       		.uleb128 0xe
 1382 0198 00       		.byte	0
 1383 0199 00       		.byte	0
 1384 019a 20       		.uleb128 0x20
 1385 019b 2E       		.uleb128 0x2e
 1386 019c 00       		.byte	0
 1387 019d 3F       		.uleb128 0x3f
 1388 019e 19       		.uleb128 0x19
 1389 019f 3C       		.uleb128 0x3c
 1390 01a0 19       		.uleb128 0x19
 1391 01a1 6E       		.uleb128 0x6e
 1392 01a2 0E       		.uleb128 0xe
 1393 01a3 03       		.uleb128 0x3
 1394 01a4 0E       		.uleb128 0xe
 1395 01a5 3A       		.uleb128 0x3a
 1396 01a6 0B       		.uleb128 0xb
 1397 01a7 3B       		.uleb128 0x3b
 1398 01a8 0B       		.uleb128 0xb
 1399 01a9 00       		.byte	0
 1400 01aa 00       		.byte	0
 1401 01ab 00       		.byte	0
 1402              		.section	.debug_loc,"",%progbits
 1403              	.Ldebug_loc0:
 1404              	.LLST0:
 1405 0000 06000000 		.4byte	.LVL1
 1406 0004 10000000 		.4byte	.LVL2
 1407 0008 0100     		.2byte	0x1
 1408 000a 53       		.byte	0x53
 1409 000b 00000000 		.4byte	0
 1410 000f 00000000 		.4byte	0
 1411              	.LLST1:
 1412 0013 00000000 		.4byte	.LVL3
 1413 0017 09000000 		.4byte	.LVL5-1
 1414 001b 0100     		.2byte	0x1
 1415 001d 50       		.byte	0x50
 1416 001e 09000000 		.4byte	.LVL5-1
 1417 0022 0C000000 		.4byte	.LFE0
 1418 0026 0400     		.2byte	0x4
 1419 0028 F3       		.byte	0xf3
 1420 0029 01       		.uleb128 0x1
 1421 002a 50       		.byte	0x50
 1422 002b 9F       		.byte	0x9f
 1423 002c 00000000 		.4byte	0
 1424 0030 00000000 		.4byte	0
 1425              	.LLST2:
 1426 0034 00000000 		.4byte	.LVL3
 1427 0038 06000000 		.4byte	.LVL4
 1428 003c 0100     		.2byte	0x1
 1429 003e 51       		.byte	0x51
 1430 003f 06000000 		.4byte	.LVL4
ARM GAS  C:\Users\impler\AppData\Local\Temp\ccdC5WGb.s 			page 33


 1431 0043 09000000 		.4byte	.LVL5-1
 1432 0047 0100     		.2byte	0x1
 1433 0049 52       		.byte	0x52
 1434 004a 09000000 		.4byte	.LVL5-1
 1435 004e 0C000000 		.4byte	.LFE0
 1436 0052 0400     		.2byte	0x4
 1437 0054 F3       		.byte	0xf3
 1438 0055 01       		.uleb128 0x1
 1439 0056 51       		.byte	0x51
 1440 0057 9F       		.byte	0x9f
 1441 0058 00000000 		.4byte	0
 1442 005c 00000000 		.4byte	0
 1443              	.LLST3:
 1444 0060 00000000 		.4byte	.LVL6
 1445 0064 05000000 		.4byte	.LVL7-1
 1446 0068 0100     		.2byte	0x1
 1447 006a 50       		.byte	0x50
 1448 006b 05000000 		.4byte	.LVL7-1
 1449 006f 08000000 		.4byte	.LFE1
 1450 0073 0400     		.2byte	0x4
 1451 0075 F3       		.byte	0xf3
 1452 0076 01       		.uleb128 0x1
 1453 0077 50       		.byte	0x50
 1454 0078 9F       		.byte	0x9f
 1455 0079 00000000 		.4byte	0
 1456 007d 00000000 		.4byte	0
 1457              	.LLST4:
 1458 0081 00000000 		.4byte	.LVL6
 1459 0085 05000000 		.4byte	.LVL7-1
 1460 0089 0100     		.2byte	0x1
 1461 008b 51       		.byte	0x51
 1462 008c 05000000 		.4byte	.LVL7-1
 1463 0090 08000000 		.4byte	.LFE1
 1464 0094 0400     		.2byte	0x4
 1465 0096 F3       		.byte	0xf3
 1466 0097 01       		.uleb128 0x1
 1467 0098 51       		.byte	0x51
 1468 0099 9F       		.byte	0x9f
 1469 009a 00000000 		.4byte	0
 1470 009e 00000000 		.4byte	0
 1471              	.LLST5:
 1472 00a2 00000000 		.4byte	.LVL6
 1473 00a6 05000000 		.4byte	.LVL7-1
 1474 00aa 0100     		.2byte	0x1
 1475 00ac 52       		.byte	0x52
 1476 00ad 05000000 		.4byte	.LVL7-1
 1477 00b1 08000000 		.4byte	.LFE1
 1478 00b5 0400     		.2byte	0x4
 1479 00b7 F3       		.byte	0xf3
 1480 00b8 01       		.uleb128 0x1
 1481 00b9 52       		.byte	0x52
 1482 00ba 9F       		.byte	0x9f
 1483 00bb 00000000 		.4byte	0
 1484 00bf 00000000 		.4byte	0
 1485              	.LLST6:
 1486 00c3 38000000 		.4byte	.LVL9
 1487 00c7 3E000000 		.4byte	.LVL10
ARM GAS  C:\Users\impler\AppData\Local\Temp\ccdC5WGb.s 			page 34


 1488 00cb 0200     		.2byte	0x2
 1489 00cd 49       		.byte	0x49
 1490 00ce 9F       		.byte	0x9f
 1491 00cf 3E000000 		.4byte	.LVL10
 1492 00d3 88000000 		.4byte	.LVL16
 1493 00d7 0100     		.2byte	0x1
 1494 00d9 55       		.byte	0x55
 1495 00da 00000000 		.4byte	0
 1496 00de 00000000 		.4byte	0
 1497              	.LLST7:
 1498 00e2 38000000 		.4byte	.LVL9
 1499 00e6 3E000000 		.4byte	.LVL10
 1500 00ea 0200     		.2byte	0x2
 1501 00ec 30       		.byte	0x30
 1502 00ed 9F       		.byte	0x9f
 1503 00ee 3E000000 		.4byte	.LVL10
 1504 00f2 4A000000 		.4byte	.LVL11
 1505 00f6 0100     		.2byte	0x1
 1506 00f8 54       		.byte	0x54
 1507 00f9 4E000000 		.4byte	.LVL12
 1508 00fd 88000000 		.4byte	.LVL16
 1509 0101 0100     		.2byte	0x1
 1510 0103 54       		.byte	0x54
 1511 0104 00000000 		.4byte	0
 1512 0108 00000000 		.4byte	0
 1513              	.LLST8:
 1514 010c 04000000 		.4byte	.LVL19
 1515 0110 08000000 		.4byte	.LVL20
 1516 0114 0200     		.2byte	0x2
 1517 0116 30       		.byte	0x30
 1518 0117 9F       		.byte	0x9f
 1519 0118 08000000 		.4byte	.LVL20
 1520 011c 20000000 		.4byte	.LVL22
 1521 0120 0100     		.2byte	0x1
 1522 0122 54       		.byte	0x54
 1523 0123 22000000 		.4byte	.LVL23
 1524 0127 66000000 		.4byte	.LVL27
 1525 012b 0100     		.2byte	0x1
 1526 012d 54       		.byte	0x54
 1527 012e 00000000 		.4byte	0
 1528 0132 00000000 		.4byte	0
 1529              	.LLST9:
 1530 0136 08000000 		.4byte	.LVL20
 1531 013a 20000000 		.4byte	.LVL22
 1532 013e 0B00     		.2byte	0xb
 1533 0140 74       		.byte	0x74
 1534 0141 00       		.sleb128 0
 1535 0142 36       		.byte	0x36
 1536 0143 1E       		.byte	0x1e
 1537 0144 03       		.byte	0x3
 1538 0145 00000000 		.4byte	cfg_memset_list.5020
 1539 0149 22       		.byte	0x22
 1540 014a 9F       		.byte	0x9f
 1541 014b 20000000 		.4byte	.LVL22
 1542 014f 22000000 		.4byte	.LVL23
 1543 0153 0B00     		.2byte	0xb
 1544 0155 74       		.byte	0x74
ARM GAS  C:\Users\impler\AppData\Local\Temp\ccdC5WGb.s 			page 35


 1545 0156 7F       		.sleb128 -1
 1546 0157 36       		.byte	0x36
 1547 0158 1E       		.byte	0x1e
 1548 0159 03       		.byte	0x3
 1549 015a 00000000 		.4byte	cfg_memset_list.5020
 1550 015e 22       		.byte	0x22
 1551 015f 9F       		.byte	0x9f
 1552 0160 00000000 		.4byte	0
 1553 0164 00000000 		.4byte	0
 1554              		.section	.debug_aranges,"",%progbits
 1555 0000 4C000000 		.4byte	0x4c
 1556 0004 0200     		.2byte	0x2
 1557 0006 00000000 		.4byte	.Ldebug_info0
 1558 000a 04       		.byte	0x4
 1559 000b 00       		.byte	0
 1560 000c 0000     		.2byte	0
 1561 000e 0000     		.2byte	0
 1562 0010 00000000 		.4byte	.LFB3
 1563 0014 02000000 		.4byte	.LFE3-.LFB3
 1564 0018 00000000 		.4byte	.LFB5
 1565 001c 28000000 		.4byte	.LFE5-.LFB5
 1566 0020 00000000 		.4byte	.LFB0
 1567 0024 0C000000 		.4byte	.LFE0-.LFB0
 1568 0028 00000000 		.4byte	.LFB1
 1569 002c 08000000 		.4byte	.LFE1-.LFB1
 1570 0030 00000000 		.4byte	.LFB4
 1571 0034 AC000000 		.4byte	.LFE4-.LFB4
 1572 0038 00000000 		.4byte	.LFB6
 1573 003c 10000000 		.4byte	.LFE6-.LFB6
 1574 0040 00000000 		.4byte	.LFB7
 1575 0044 B8000000 		.4byte	.LFE7-.LFB7
 1576 0048 00000000 		.4byte	0
 1577 004c 00000000 		.4byte	0
 1578              		.section	.debug_ranges,"",%progbits
 1579              	.Ldebug_ranges0:
 1580 0000 00000000 		.4byte	.LFB3
 1581 0004 02000000 		.4byte	.LFE3
 1582 0008 00000000 		.4byte	.LFB5
 1583 000c 28000000 		.4byte	.LFE5
 1584 0010 00000000 		.4byte	.LFB0
 1585 0014 0C000000 		.4byte	.LFE0
 1586 0018 00000000 		.4byte	.LFB1
 1587 001c 08000000 		.4byte	.LFE1
 1588 0020 00000000 		.4byte	.LFB4
 1589 0024 AC000000 		.4byte	.LFE4
 1590 0028 00000000 		.4byte	.LFB6
 1591 002c 10000000 		.4byte	.LFE6
 1592 0030 00000000 		.4byte	.LFB7
 1593 0034 B8000000 		.4byte	.LFE7
 1594 0038 00000000 		.4byte	0
 1595 003c 00000000 		.4byte	0
 1596              		.section	.debug_line,"",%progbits
 1597              	.Ldebug_line0:
 1598 0000 A3010000 		.section	.debug_str,"MS",%progbits,1
 1598      0200D600 
 1598      00000201 
 1598      FB0E0D00 
ARM GAS  C:\Users\impler\AppData\Local\Temp\ccdC5WGb.s 			page 36


 1598      01010101 
 1599              	.LASF19:
 1600 0000 72656731 		.ascii	"reg16\000"
 1600      3600
 1601              	.LASF43:
 1602 0006 43794465 		.ascii	"CyDelayCycles\000"
 1602      6C617943 
 1602      79636C65 
 1602      7300
 1603              	.LASF12:
 1604 0014 73697A65 		.ascii	"size_t\000"
 1604      5F7400
 1605              	.LASF20:
 1606 001b 416E616C 		.ascii	"AnalogSetDefault\000"
 1606      6F675365 
 1606      74446566 
 1606      61756C74 
 1606      00
 1607              	.LASF27:
 1608 002c 74696D65 		.ascii	"timeout\000"
 1608      6F757400 
 1609              	.LASF36:
 1610 0034 6366675F 		.ascii	"cfg_memset_list\000"
 1610      6D656D73 
 1610      65745F6C 
 1610      69737400 
 1611              	.LASF25:
 1612 0044 436C6F63 		.ascii	"ClockSetup\000"
 1612      6B536574 
 1612      757000
 1613              	.LASF6:
 1614 004f 73686F72 		.ascii	"short unsigned int\000"
 1614      7420756E 
 1614      7369676E 
 1614      65642069 
 1614      6E7400
 1615              	.LASF28:
 1616 0062 706C6C4C 		.ascii	"pllLock\000"
 1616      6F636B00 
 1617              	.LASF16:
 1618 006a 666C6F61 		.ascii	"float\000"
 1618      7400
 1619              	.LASF42:
 1620 0070 4379436C 		.ascii	"CyClockStartupError\000"
 1620      6F636B53 
 1620      74617274 
 1620      75704572 
 1620      726F7200 
 1621              	.LASF3:
 1622 0084 7369676E 		.ascii	"signed char\000"
 1622      65642063 
 1622      68617200 
 1623              	.LASF34:
 1624 0090 73697A65 		.ascii	"size\000"
 1624      00
 1625              	.LASF39:
 1626 0095 474E5520 		.ascii	"GNU C11 5.4.1 20160609 (release) [ARM/embedded-5-br"
ARM GAS  C:\Users\impler\AppData\Local\Temp\ccdC5WGb.s 			page 37


 1626      43313120 
 1626      352E342E 
 1626      31203230 
 1626      31363036 
 1627 00c8 616E6368 		.ascii	"anch revision 237715] -mcpu=cortex-m3 -mthumb -g -O"
 1627      20726576 
 1627      6973696F 
 1627      6E203233 
 1627      37373135 
 1628 00fb 67202D66 		.ascii	"g -ffunction-sections -ffat-lto-objects\000"
 1628      66756E63 
 1628      74696F6E 
 1628      2D736563 
 1628      74696F6E 
 1629              	.LASF18:
 1630 0123 72656738 		.ascii	"reg8\000"
 1630      00
 1631              	.LASF8:
 1632 0128 6C6F6E67 		.ascii	"long unsigned int\000"
 1632      20756E73 
 1632      69676E65 
 1632      6420696E 
 1632      7400
 1633              	.LASF13:
 1634 013a 75696E74 		.ascii	"uint8\000"
 1634      3800
 1635              	.LASF21:
 1636 0140 43594D45 		.ascii	"CYMEMZERO\000"
 1636      4D5A4552 
 1636      4F00
 1637              	.LASF31:
 1638 014a 53657441 		.ascii	"SetAnalogRoutingPumps\000"
 1638      6E616C6F 
 1638      67526F75 
 1638      74696E67 
 1638      50756D70 
 1639              	.LASF4:
 1640 0160 756E7369 		.ascii	"unsigned char\000"
 1640      676E6564 
 1640      20636861 
 1640      7200
 1641              	.LASF37:
 1642 016e 6D656D73 		.ascii	"memset\000"
 1642      657400
 1643              	.LASF17:
 1644 0175 646F7562 		.ascii	"double\000"
 1644      6C6500
 1645              	.LASF32:
 1646 017c 63796669 		.ascii	"cyfitter_cfg\000"
 1646      74746572 
 1646      5F636667 
 1646      00
 1647              	.LASF14:
 1648 0189 75696E74 		.ascii	"uint16\000"
 1648      313600
 1649              	.LASF22:
 1650 0190 6572726F 		.ascii	"errorCode\000"
ARM GAS  C:\Users\impler\AppData\Local\Temp\ccdC5WGb.s 			page 38


 1650      72436F64 
 1650      6500
 1651              	.LASF15:
 1652 019a 75696E74 		.ascii	"uint32\000"
 1652      333200
 1653              	.LASF0:
 1654 01a1 756E7369 		.ascii	"unsigned int\000"
 1654      676E6564 
 1654      20696E74 
 1654      00
 1655              	.LASF33:
 1656 01ae 61646472 		.ascii	"address\000"
 1656      65737300 
 1657              	.LASF9:
 1658 01b6 6C6F6E67 		.ascii	"long long unsigned int\000"
 1658      206C6F6E 
 1658      6720756E 
 1658      7369676E 
 1658      65642069 
 1659              	.LASF24:
 1660 01cd 64657374 		.ascii	"dest\000"
 1660      00
 1661              	.LASF35:
 1662 01d2 6366675F 		.ascii	"cfg_memset_t\000"
 1662      6D656D73 
 1662      65745F74 
 1662      00
 1663              	.LASF10:
 1664 01df 73697A65 		.ascii	"sizetype\000"
 1664      74797065 
 1664      00
 1665              	.LASF1:
 1666 01e8 6C6F6E67 		.ascii	"long long int\000"
 1666      206C6F6E 
 1666      6720696E 
 1666      7400
 1667              	.LASF40:
 1668 01f6 47656E65 		.ascii	"Generated_Source\\PSoC5\\cyfitter_cfg.c\000"
 1668      72617465 
 1668      645F536F 
 1668      75726365 
 1668      5C50536F 
 1669              	.LASF38:
 1670 021c 6D656D63 		.ascii	"memcpy\000"
 1670      707900
 1671              	.LASF5:
 1672 0223 73686F72 		.ascii	"short int\000"
 1672      7420696E 
 1672      7400
 1673              	.LASF29:
 1674 022d 656E6162 		.ascii	"enabled\000"
 1674      6C656400 
 1675              	.LASF7:
 1676 0235 6C6F6E67 		.ascii	"long int\000"
 1676      20696E74 
 1676      00
 1677              	.LASF11:
ARM GAS  C:\Users\impler\AppData\Local\Temp\ccdC5WGb.s 			page 39


 1678 023e 63686172 		.ascii	"char\000"
 1678      00
 1679              	.LASF2:
 1680 0243 6C6F6E67 		.ascii	"long double\000"
 1680      20646F75 
 1680      626C6500 
 1681              	.LASF26:
 1682 024f 62675F78 		.ascii	"bg_xover_inl_trim\000"
 1682      6F766572 
 1682      5F696E6C 
 1682      5F747269 
 1682      6D00
 1683              	.LASF41:
 1684 0261 433A5C55 		.ascii	"C:\\Users\\impler\\Documents\\SP25\\Talha_PSOC\\Tog"
 1684      73657273 
 1684      5C696D70 
 1684      6C65725C 
 1684      446F6375 
 1685 028e 676C6543 		.ascii	"gleCom.cydsn\000"
 1685      6F6D2E63 
 1685      7964736E 
 1685      00
 1686              	.LASF30:
 1687 029b 72656756 		.ascii	"regValue\000"
 1687      616C7565 
 1687      00
 1688              	.LASF23:
 1689 02a4 4359434F 		.ascii	"CYCONFIGCPY\000"
 1689      4E464947 
 1689      43505900 
 1690              		.ident	"GCC: (GNU Tools for ARM Embedded Processors) 5.4.1 20160609 (release) [ARM/embedded-5-bran
