#-----------------------------------------------------------
# Vivado v2024.1 (64-bit)
# SW Build 5076996 on Wed May 22 18:37:14 MDT 2024
# IP Build 5075265 on Wed May 22 21:45:21 MDT 2024
# SharedData Build 5076995 on Wed May 22 18:29:18 MDT 2024
# Start of session at: Mon Oct 14 15:53:41 2024
# Process ID: 17636
# Current directory: H:/Senior_Project/Physics-Gpu-2025/Nick/host_interface
# Command line: vivado.exe -gui_launcher_event rodinguilauncherevent18864 H:\Senior_Project\Physics-Gpu-2025\Nick\host_interface\host_interface.xpr
# Log file: H:/Senior_Project/Physics-Gpu-2025/Nick/host_interface/vivado.log
# Journal file: H:/Senior_Project/Physics-Gpu-2025/Nick/host_interface\vivado.jou
# Running On        :ARM128-04
# Platform          :Windows Server 2016 or Windows 10
# Operating System  :22631
# Processor Detail  :12th Gen Intel(R) Core(TM) i7-12700
# CPU Frequency     :2112 MHz
# CPU Physical cores:12
# CPU Logical cores :20
# Host memory       :34050 MB
# Swap memory       :5100 MB
# Total Virtual     :39151 MB
# Available Virtual :28324 MB
#-----------------------------------------------------------
start_gui
open_project H:/Senior_Project/Physics-Gpu-2025/Nick/host_interface/host_interface.xpr
update_compile_order -fileset sources_1
launch_simulation
source hostif_test_tb.tcl
current_wave_config {Untitled 1}
add_wave {{/hostif_test_tb/dut/clk100MHZ}} {{/hostif_test_tb/dut/hostif_psoc_data}} {{/hostif_test_tb/dut/cpu_resetn_raw}} {{/hostif_test_tb/dut/hostif_psoc_fpga_xfc_raw}} {{/hostif_test_tb/dut/hostif_psoc_reset_raw}} {{/hostif_test_tb/dut/hostif_fpga_psoc_xfc}} {{/hostif_test_tb/dut/regs_data}} {{/hostif_test_tb/dut/regs_addr}} {{/hostif_test_tb/dut/regs_we}} {{/hostif_test_tb/dut/state_ram_data}} {{/hostif_test_tb/dut/state_ram_addr}} {{/hostif_test_tb/dut/state_ram_we}} {{/hostif_test_tb/dut/state_ram_byte_enable}} {{/hostif_test_tb/dut/xfc}} {{/hostif_test_tb/dut/xfc_p1}} {{/hostif_test_tb/dut/transfer}} {{/hostif_test_tb/dut/current_state}} {{/hostif_test_tb/dut/next_state}} 
current_wave_config {Untitled 1}
add_wave {{/hostif_test_tb/clk100MHZ}} {{/hostif_test_tb/hostif_psoc_data}} {{/hostif_test_tb/cpu_resetn_raw}} {{/hostif_test_tb/hostif_psoc_fpga_xfc_raw}} {{/hostif_test_tb/hostif_psoc_reset_raw}} {{/hostif_test_tb/hostif_fpga_psoc_xfc}} {{/hostif_test_tb/regs_data}} {{/hostif_test_tb/regs_addr}} {{/hostif_test_tb/regs_we}} {{/hostif_test_tb/state_ram_data}} {{/hostif_test_tb/state_ram_addr}} {{/hostif_test_tb/state_ram_we}} {{/hostif_test_tb/state_ram_byte_enable}} {{/hostif_test_tb/xfc}} {{/hostif_test_tb/xfc_p1}} {{/hostif_test_tb/transfer}} 
save_wave_config {H:/Senior_Project/Physics-Gpu-2025/Nick/host_interface/hostif_test_tb_behav.wcfg}
add_files -fileset sim_1 -norecurse H:/Senior_Project/Physics-Gpu-2025/Nick/host_interface/hostif_test_tb_behav.wcfg
set_property xsim.view H:/Senior_Project/Physics-Gpu-2025/Nick/host_interface/hostif_test_tb_behav.wcfg [get_filesets sim_1]
set_property -name {xsim.simulate.log_all_signals} -value {true} -objects [get_filesets sim_1]
save_wave_config {H:/Senior_Project/Physics-Gpu-2025/Nick/host_interface/hostif_test_tb_behav.wcfg}
current_wave_config {hostif_test_tb_behav.wcfg}
add_wave {{/hostif_test_tb/dut/clk100MHZ}} {{/hostif_test_tb/dut/hostif_psoc_data}} {{/hostif_test_tb/dut/cpu_resetn_raw}} {{/hostif_test_tb/dut/hostif_psoc_fpga_xfc_raw}} {{/hostif_test_tb/dut/hostif_psoc_reset_raw}} {{/hostif_test_tb/dut/hostif_fpga_psoc_xfc}} {{/hostif_test_tb/dut/regs_data}} {{/hostif_test_tb/dut/regs_addr}} {{/hostif_test_tb/dut/regs_we}} {{/hostif_test_tb/dut/state_ram_data}} {{/hostif_test_tb/dut/state_ram_addr}} {{/hostif_test_tb/dut/state_ram_we}} {{/hostif_test_tb/dut/state_ram_byte_enable}} {{/hostif_test_tb/dut/xfc}} {{/hostif_test_tb/dut/xfc_p1}} {{/hostif_test_tb/dut/transfer}} {{/hostif_test_tb/dut/current_state}} {{/hostif_test_tb/dut/next_state}} 
save_wave_config {H:/Senior_Project/Physics-Gpu-2025/Nick/host_interface/hostif_test_tb_behav.wcfg}
close_sim
launch_simulation
launch_simulation
launch_simulation
launch_simulation
open_wave_config H:/Senior_Project/Physics-Gpu-2025/Nick/host_interface/hostif_test_tb_behav.wcfg
source hostif_test_tb.tcl
close_sim
launch_simulation
open_wave_config H:/Senior_Project/Physics-Gpu-2025/Nick/host_interface/hostif_test_tb_behav.wcfg
source hostif_test_tb.tcl
close_sim
launch_simulation
open_wave_config H:/Senior_Project/Physics-Gpu-2025/Nick/host_interface/hostif_test_tb_behav.wcfg
source hostif_test_tb.tcl
remove_forces { {/hostif_test_tb/dut/clk100MHZ} {/hostif_test_tb/dut/hostif_psoc_data} {/hostif_test_tb/dut/cpu_resetn_raw} {/hostif_test_tb/dut/hostif_psoc_fpga_xfc_raw} {/hostif_test_tb/dut/hostif_psoc_reset_raw} {/hostif_test_tb/dut/hostif_fpga_psoc_xfc} {/hostif_test_tb/dut/regs_data} {/hostif_test_tb/dut/regs_addr} {/hostif_test_tb/dut/regs_we} {/hostif_test_tb/dut/state_ram_data} {/hostif_test_tb/dut/state_ram_we} {/hostif_test_tb/dut/state_ram_byte_enable} {/hostif_test_tb/dut/xfc} {/hostif_test_tb/dut/xfc_p1} {/hostif_test_tb/dut/transfer} {/hostif_test_tb/dut/current_state} {/hostif_test_tb/dut/current_state[2]} {/hostif_test_tb/dut/current_state[1]} {/hostif_test_tb/dut/current_state[0]} {/hostif_test_tb/dut/next_state} {/hostif_test_tb/clk100MHZ} }
save_wave_config {H:/Senior_Project/Physics-Gpu-2025/Nick/host_interface/hostif_test_tb_behav.wcfg}
save_wave_config {H:/Senior_Project/Physics-Gpu-2025/Nick/host_interface/hostif_test_tb_behav.wcfg}
close_sim
launch_simulation
open_wave_config H:/Senior_Project/Physics-Gpu-2025/Nick/host_interface/hostif_test_tb_behav.wcfg
source hostif_test_tb.tcl
save_wave_config {H:/Senior_Project/Physics-Gpu-2025/Nick/host_interface/hostif_test_tb_behav.wcfg}
close_sim
launch_simulation
open_wave_config H:/Senior_Project/Physics-Gpu-2025/Nick/host_interface/hostif_test_tb_behav.wcfg
source hostif_test_tb.tcl
save_wave_config {H:/Senior_Project/Physics-Gpu-2025/Nick/host_interface/hostif_test_tb_behav.wcfg}
close_sim
launch_simulation
open_wave_config H:/Senior_Project/Physics-Gpu-2025/Nick/host_interface/hostif_test_tb_behav.wcfg
source hostif_test_tb.tcl
close_sim
launch_simulation
open_wave_config H:/Senior_Project/Physics-Gpu-2025/Nick/host_interface/hostif_test_tb_behav.wcfg
source hostif_test_tb.tcl
close_sim
